2002.01.29 22:36 B C:\My Documents\Rome\RomePics\dsu.gif <-- ms1 /home/jml1/public_html/pics dsu.gif
2002.01.29 22:49 B C:\My Documents\Rome\RomePics\0s-Sistine.25.jpg --> ms1.desales.edu /home/jml1/public_html/Rome/RomePics 0s-Sistine.25.jpg
2002.01.29 22:49 B C:\My Documents\Rome\RomePics\a.jpg --> ms1.desales.edu /home/jml1/public_html/Rome/RomePics a.jpg
2002.01.29 22:49 B C:\My Documents\Rome\RomePics\aviat.jpg --> ms1.desales.edu /home/jml1/public_html/Rome/RomePics aviat.jpg
2002.01.29 22:49 B C:\My Documents\Rome\RomePics\aviat2.jpg --> ms1.desales.edu /home/jml1/public_html/Rome/RomePics aviat2.jpg
2002.01.29 22:49 B C:\My Documents\Rome\RomePics\aviatlogo.gif --> ms1.desales.edu /home/jml1/public_html/Rome/RomePics aviatlogo.gif
2002.01.29 22:49 B C:\My Documents\Rome\RomePics\bridge.jpg --> ms1.desales.edu /home/jml1/public_html/Rome/RomePics bridge.jpg
2002.01.29 22:49 B C:\My Documents\Rome\RomePics\castle.jpg --> ms1.desales.edu /home/jml1/public_html/Rome/RomePics castle.jpg
2002.01.29 22:49 B C:\My Documents\Rome\RomePics\chapelcrypt.jpg --> ms1.desales.edu /home/jml1/public_html/Rome/RomePics chapelcrypt.jpg
2002.01.29 22:49 B C:\My Documents\Rome\RomePics\colosseum.jpg --> ms1.desales.edu /home/jml1/public_html/Rome/RomePics colosseum.jpg
2002.01.29 22:49 B C:\My Documents\Rome\RomePics\dome.jpg --> ms1.desales.edu /home/jml1/public_html/Rome/RomePics dome.jpg
2002.01.29 22:49 B C:\My Documents\Rome\RomePics\dome2.jpg --> ms1.desales.edu /home/jml1/public_html/Rome/RomePics dome2.jpg
2002.01.29 22:49 B C:\My Documents\Rome\RomePics\dsu.gif --> ms1.desales.edu /home/jml1/public_html/Rome/RomePics dsu.gif
2002.01.29 22:49 B C:\My Documents\Rome\RomePics\forumagustus.jpg --> ms1.desales.edu /home/jml1/public_html/Rome/RomePics forumagustus.jpg
2002.01.29 22:49 B C:\My Documents\Rome\RomePics\image2.jpg --> ms1.desales.edu /home/jml1/public_html/Rome/RomePics image2.jpg
2002.01.29 22:49 B C:\My Documents\Rome\RomePics\imageqbs.jpg --> ms1.desales.edu /home/jml1/public_html/Rome/RomePics imageqbs.jpg
2002.01.29 22:49 B C:\My Documents\Rome\RomePics\it-150.gif --> ms1.desales.edu /home/jml1/public_html/Rome/RomePics it-150.gif
2002.01.29 22:49 B C:\My Documents\Rome\RomePics\logo2.gif --> ms1.desales.edu /home/jml1/public_html/Rome/RomePics logo2.gif
2002.01.29 22:49 B C:\My Documents\Rome\RomePics\logorome.gif --> ms1.desales.edu /home/jml1/public_html/Rome/RomePics logorome.gif
2002.01.29 22:49 B C:\My Documents\Rome\RomePics\pantheon.jpg --> ms1.desales.edu /home/jml1/public_html/Rome/RomePics pantheon.jpg
2002.01.29 22:49 B C:\My Documents\Rome\RomePics\pantheon2.jpg --> ms1.desales.edu /home/jml1/public_html/Rome/RomePics pantheon2.jpg
2002.01.29 22:49 B C:\My Documents\Rome\RomePics\piazzanovona.jpg --> ms1.desales.edu /home/jml1/public_html/Rome/RomePics piazzanovona.jpg
102.02.08 12:03 B C:\My Documents\Rome\RomePics\WS_FTP.LOG <-- ms1.allencol.edu /home/jml1/public_html/Rome/RomePics WS_FTP.LOG
102.02.08 12:03 B C:\My Documents\Rome\RomePics\a.jpg <-- ms1.allencol.edu /home/jml1/public_html/Rome/RomePics a.jpg
102.02.08 12:03 B C:\My Documents\Rome\RomePics\aviat.jpg <-- ms1.allencol.edu /home/jml1/public_html/Rome/RomePics aviat.jpg
102.02.08 12:03 B C:\My Documents\Rome\RomePics\aviat2.jpg <-- ms1.allencol.edu /home/jml1/public_html/Rome/RomePics aviat2.jpg
102.02.08 12:03 B C:\My Documents\Rome\RomePics\aviatlogo.gif <-- ms1.allencol.edu /home/jml1/public_html/Rome/RomePics aviatlogo.gif
102.02.08 12:03 B C:\My Documents\Rome\RomePics\bridge.jpg <-- ms1.allencol.edu /home/jml1/public_html/Rome/RomePics bridge.jpg
102.02.08 12:03 B C:\My Documents\Rome\RomePics\castle.jpg <-- ms1.allencol.edu /home/jml1/public_html/Rome/RomePics castle.jpg
102.02.08 12:03 B C:\My Documents\Rome\RomePics\chapelcrypt.jpg <-- ms1.allencol.edu /home/jml1/public_html/Rome/RomePics chapelcrypt.jpg
102.02.08 12:03 B C:\My Documents\Rome\RomePics\colosseum.jpg <-- ms1.allencol.edu /home/jml1/public_html/Rome/RomePics colosseum.jpg
102.02.08 12:03 B C:\My Documents\Rome\RomePics\dome.jpg <-- ms1.allencol.edu /home/jml1/public_html/Rome/RomePics dome.jpg
102.02.08 12:03 B C:\My Documents\Rome\RomePics\dome2.jpg <-- ms1.allencol.edu /home/jml1/public_html/Rome/RomePics dome2.jpg
102.02.08 12:03 B C:\My Documents\Rome\RomePics\dsu.gif <-- ms1.allencol.edu /home/jml1/public_html/Rome/RomePics dsu.gif
102.02.08 12:03 B C:\My Documents\Rome\RomePics\forumagustus.jpg <-- ms1.allencol.edu /home/jml1/public_html/Rome/RomePics forumagustus.jpg
102.02.08 12:03 B C:\My Documents\Rome\RomePics\image2.jpg <-- ms1.allencol.edu /home/jml1/public_html/Rome/RomePics image2.jpg
102.02.08 12:03 B C:\My Documents\Rome\RomePics\imageqbs.jpg <-- ms1.allencol.edu /home/jml1/public_html/Rome/RomePics imageqbs.jpg
102.02.08 12:03 B C:\My Documents\Rome\RomePics\it-150.gif <-- ms1.allencol.edu /home/jml1/public_html/Rome/RomePics it-150.gif
102.02.08 12:03 B C:\My Documents\Rome\RomePics\logo2.gif <-- ms1.allencol.edu /home/jml1/public_html/Rome/RomePics logo2.gif
102.02.08 12:03 B C:\My Documents\Rome\RomePics\logorome.gif <-- ms1.allencol.edu /home/jml1/public_html/Rome/RomePics logorome.gif
102.02.08 12:03 B C:\My Documents\Rome\RomePics\pantheon.jpg <-- ms1.allencol.edu /home/jml1/public_html/Rome/RomePics pantheon.jpg
102.02.08 12:03 B C:\My Documents\Rome\RomePics\pantheon2.jpg <-- ms1.allencol.edu /home/jml1/public_html/Rome/RomePics pantheon2.jpg
102.02.08 12:03 B C:\My Documents\Rome\RomePics\piazzanovona.jpg <-- ms1.allencol.edu /home/jml1/public_html/Rome/RomePics piazzanovona.jpg
102.02.08 13:31 B C:\My Documents\Rome\RomePics\0s-Sistine.25.jpg --> ms1.allencol.edu /home/jml1/public_html/Rome 0s-Sistine.25.jpg
102.02.10 16:19 B F:\HOME\STUDENT\aaa\Rome\RomePics\ws_ftp.log <-- ms1.allencol.edu /home/jml1/public_html/Rome/RomePics ws_ftp.log
102.02.10 16:28 B F:\HOME\STUDENT\aaa\Rome\RomePics\sistine2.jpg --> ms1.allencol.edu /home/jml1/public_html/RomePics sistine2.jpg
102.02.10 16:28 B F:\HOME\STUDENT\aaa\Rome\RomePics\ws_ftp.log --> ms1.allencol.edu /home/jml1/public_html/RomePics ws_ftp.log
102.02.10 16:28 B F:\HOME\STUDENT\aaa\Rome\RomePics\a.jpg --> ms1.allencol.edu /home/jml1/public_html/RomePics a.jpg
102.02.10 16:28 B F:\HOME\STUDENT\aaa\Rome\RomePics\aviat.jpg --> ms1.allencol.edu /home/jml1/public_html/RomePics aviat.jpg
102.02.10 16:28 B F:\HOME\STUDENT\aaa\Rome\RomePics\aviat2.jpg --> ms1.allencol.edu /home/jml1/public_html/RomePics aviat2.jpg
102.02.10 16:28 B F:\HOME\STUDENT\aaa\Rome\RomePics\bridge.jpg --> ms1.allencol.edu /home/jml1/public_html/RomePics bridge.jpg
102.02.10 16:28 B F:\HOME\STUDENT\aaa\Rome\RomePics\castle.jpg --> ms1.allencol.edu /home/jml1/public_html/RomePics castle.jpg
102.02.10 16:28 B F:\HOME\STUDENT\aaa\Rome\RomePics\chapelcrypt.jpg --> ms1.allencol.edu /home/jml1/public_html/RomePics chapelcrypt.jpg
102.02.10 16:28 B F:\HOME\STUDENT\aaa\Rome\RomePics\colosseum.jpg --> ms1.allencol.edu /home/jml1/public_html/RomePics colosseum.jpg
102.02.10 16:28 B F:\HOME\STUDENT\aaa\Rome\RomePics\dome.jpg --> ms1.allencol.edu /home/jml1/public_html/RomePics dome.jpg
102.02.10 16:28 B F:\HOME\STUDENT\aaa\Rome\RomePics\VALMAP.jpg --> ms1.allencol.edu /home/jml1/public_html/RomePics VALMAP.jpg
102.02.10 16:28 B F:\HOME\STUDENT\aaa\Rome\RomePics\pantheon2.jpg --> ms1.allencol.edu /home/jml1/public_html/RomePics pantheon2.jpg
102.02.10 16:28 B F:\HOME\STUDENT\aaa\Rome\RomePics\piazzanovona.jpg --> ms1.allencol.edu /home/jml1/public_html/RomePics piazzanovona.jpg
102.02.10 16:28 B F:\HOME\STUDENT\aaa\Rome\RomePics\romelogo2.gif --> ms1.allencol.edu /home/jml1/public_html/RomePics romelogo2.gif
102.02.10 16:28 B F:\HOME\STUDENT\aaa\Rome\RomePics\sistine.jpg --> ms1.allencol.edu /home/jml1/public_html/RomePics sistine.jpg
102.02.10 16:28 B F:\HOME\STUDENT\aaa\Rome\RomePics\ceiling.jpg --> ms1.allencol.edu /home/jml1/public_html/RomePics ceiling.jpg
102.02.10 16:28 B F:\HOME\STUDENT\aaa\Rome\RomePics\jp_ii.jpg --> ms1.allencol.edu /home/jml1/public_html/RomePics jp_ii.jpg
102.02.10 16:28 B F:\HOME\STUDENT\aaa\Rome\RomePics\sfondo.jpe --> ms1.allencol.edu /home/jml1/public_html/RomePics sfondo.jpe
102.02.10 16:28 B F:\HOME\STUDENT\aaa\Rome\RomePics\stpeters.jpg --> ms1.allencol.edu /home/jml1/public_html/RomePics stpeters.jpg
102.02.10 16:28 B F:\HOME\STUDENT\aaa\Rome\RomePics\stemma_jp_ii.jpg --> ms1.allencol.edu /home/jml1/public_html/RomePics stemma_jp_ii.jpg
102.02.10 16:28 B F:\HOME\STUDENT\aaa\Rome\RomePics\dome2.jpg --> ms1.allencol.edu /home/jml1/public_html/RomePics dome2.jpg
102.02.10 16:28 B F:\HOME\STUDENT\aaa\Rome\RomePics\dsu.gif --> ms1.allencol.edu /home/jml1/public_html/RomePics dsu.gif
102.02.10 16:28 B F:\HOME\STUDENT\aaa\Rome\RomePics\forumagustus.jpg --> ms1.allencol.edu /home/jml1/public_html/RomePics forumagustus.jpg
102.02.10 16:28 B F:\HOME\STUDENT\aaa\Rome\RomePics\image2.jpg --> ms1.allencol.edu /home/jml1/public_html/RomePics image2.jpg
102.02.10 16:28 B F:\HOME\STUDENT\aaa\Rome\RomePics\imageqbs.jpg --> ms1.allencol.edu /home/jml1/public_html/RomePics imageqbs.jpg
102.02.10 16:28 B F:\HOME\STUDENT\aaa\Rome\RomePics\it-150.gif --> ms1.allencol.edu /home/jml1/public_html/RomePics it-150.gif
102.02.10 16:28 B F:\HOME\STUDENT\aaa\Rome\RomePics\leonie.jpg --> ms1.allencol.edu /home/jml1/public_html/RomePics leonie.jpg
102.02.10 16:28 B F:\HOME\STUDENT\aaa\Rome\RomePics\logo2.gif --> ms1.allencol.edu /home/jml1/public_html/RomePics logo2.gif
102.02.10 16:28 B F:\HOME\STUDENT\aaa\Rome\RomePics\logorome.gif --> ms1.allencol.edu /home/jml1/public_html/RomePics logorome.gif
102.02.10 16:28 B F:\HOME\STUDENT\aaa\Rome\RomePics\pantheon.jpg --> ms1.allencol.edu /home/jml1/public_html/RomePics pantheon.jpg
102.02.10 17:06 B F:\HOME\STUDENT\aaa\Rome\RomePics\sistine2.jpg --> ms1.allencol.edu /home/jml1/public_html/Rome sistine2.jpg
102.05.08 10:55 B C:\My Documents\Rome\RomePics\ws_ftp.log <-- ms1.allencol.edu /home/jml1/public_html/Rome/RomePics ws_ftp.log
102.05.08 11:08 B C:\My Documents\Rome\RomePics\VALMAP.jpg --> lawruk.com /Rome/RomePics VALMAP.jpg
102.05.08 11:08 B C:\My Documents\Rome\RomePics\a.jpg --> lawruk.com /Rome/RomePics a.jpg
102.05.08 11:08 B C:\My Documents\Rome\RomePics\aviat.jpg --> lawruk.com /Rome/RomePics aviat.jpg
102.05.08 11:08 B C:\My Documents\Rome\RomePics\aviat2.jpg --> lawruk.com /Rome/RomePics aviat2.jpg
102.05.08 11:08 B C:\My Documents\Rome\RomePics\aviat3.jpg --> lawruk.com /Rome/RomePics aviat3.jpg
102.05.08 11:08 B C:\My Documents\Rome\RomePics\bceiling.jpg --> lawruk.com /Rome/RomePics bceiling.jpg
102.05.08 11:08 B C:\My Documents\Rome\RomePics\bridge.jpg --> lawruk.com /Rome/RomePics bridge.jpg
102.05.08 11:08 B C:\My Documents\Rome\RomePics\bsistine.jpg --> lawruk.com /Rome/RomePics bsistine.jpg
102.05.08 11:08 B C:\My Documents\Rome\RomePics\castle.jpg --> lawruk.com /Rome/RomePics castle.jpg
102.05.08 11:08 B C:\My Documents\Rome\RomePics\ceiling.jpg --> lawruk.com /Rome/RomePics ceiling.jpg
102.05.08 11:08 B C:\My Documents\Rome\RomePics\chapelcrypt.jpg --> lawruk.com /Rome/RomePics chapelcrypt.jpg
102.05.08 11:08 B C:\My Documents\Rome\RomePics\colosseum.jpg --> lawruk.com /Rome/RomePics colosseum.jpg
102.05.08 11:08 B C:\My Documents\Rome\RomePics\colosseum2.jpg --> lawruk.com /Rome/RomePics colosseum2.jpg
102.05.08 11:08 B C:\My Documents\Rome\RomePics\colosseum3.jpg --> lawruk.com /Rome/RomePics colosseum3.jpg
102.05.08 11:08 B C:\My Documents\Rome\RomePics\colosseum4.jpg --> lawruk.com /Rome/RomePics colosseum4.jpg
102.05.08 11:08 B C:\My Documents\Rome\RomePics\colosseumcoin.gif --> lawruk.com /Rome/RomePics colosseumcoin.gif
102.05.08 11:08 B C:\My Documents\Rome\RomePics\colosseumcoin2.gif --> lawruk.com /Rome/RomePics colosseumcoin2.gif
102.05.08 11:08 B C:\My Documents\Rome\RomePics\dome.jpg --> lawruk.com /Rome/RomePics dome.jpg
102.05.08 11:08 B C:\My Documents\Rome\RomePics\dome2.jpg --> lawruk.com /Rome/RomePics dome2.jpg
102.05.08 11:08 B C:\My Documents\Rome\RomePics\dsu.gif --> lawruk.com /Rome/RomePics dsu.gif
102.05.08 11:08 B C:\My Documents\Rome\RomePics\forum.jpg --> lawruk.com /Rome/RomePics forum.jpg
102.05.08 11:08 B C:\My Documents\Rome\RomePics\forum2.jpg --> lawruk.com /Rome/RomePics forum2.jpg
102.05.08 11:08 B C:\My Documents\Rome\RomePics\forumagustus.jpg --> lawruk.com /Rome/RomePics forumagustus.jpg
102.05.08 11:08 B C:\My Documents\Rome\RomePics\image2.jpg --> lawruk.com /Rome/RomePics image2.jpg
102.05.08 11:09 B C:\My Documents\Rome\RomePics\it-150.gif --> lawruk.com /Rome/RomePics it-150.gif
102.05.08 11:09 B C:\My Documents\Rome\RomePics\jp_ii.jpg --> lawruk.com /Rome/RomePics jp_ii.jpg
102.05.08 11:09 B C:\My Documents\Rome\RomePics\leonie.jpg --> lawruk.com /Rome/RomePics leonie.jpg
102.05.08 11:09 B C:\My Documents\Rome\RomePics\logo2.gif --> lawruk.com /Rome/RomePics logo2.gif
102.05.08 11:09 B C:\My Documents\Rome\RomePics\logorome.gif --> lawruk.com /Rome/RomePics logorome.gif
102.05.08 11:09 B C:\My Documents\Rome\RomePics\map.jpg --> lawruk.com /Rome/RomePics map.jpg
102.05.08 11:09 B C:\My Documents\Rome\RomePics\map1.gif --> lawruk.com /Rome/RomePics map1.gif
102.05.08 11:09 B C:\My Documents\Rome\RomePics\map2.gif --> lawruk.com /Rome/RomePics map2.gif
102.05.08 11:09 B C:\My Documents\Rome\RomePics\pantheon.jpg --> lawruk.com /Rome/RomePics pantheon.jpg
102.05.08 11:09 B C:\My Documents\Rome\RomePics\pantheon1.jpg --> lawruk.com /Rome/RomePics pantheon1.jpg
102.05.08 11:09 B C:\My Documents\Rome\RomePics\pantheon2.jpg --> lawruk.com /Rome/RomePics pantheon2.jpg
102.05.08 11:09 B C:\My Documents\Rome\RomePics\piazzanavona.jpg --> lawruk.com /Rome/RomePics piazzanavona.jpg
102.05.08 11:09 B C:\My Documents\Rome\RomePics\romelogo2.gif --> lawruk.com /Rome/RomePics romelogo2.gif
102.05.08 11:09 B C:\My Documents\Rome\RomePics\s28.jpg --> lawruk.com /Rome/RomePics s28.jpg
102.05.08 11:09 B C:\My Documents\Rome\RomePics\s52.jpg --> lawruk.com /Rome/RomePics s52.jpg
102.05.08 11:09 B C:\My Documents\Rome\RomePics\s57.jpg --> lawruk.com /Rome/RomePics s57.jpg
102.05.08 11:09 B C:\My Documents\Rome\RomePics\sfondo.jpe --> lawruk.com /Rome/RomePics sfondo.jpe
102.05.08 11:09 B C:\My Documents\Rome\RomePics\sforum.jpg --> lawruk.com /Rome/RomePics sforum.jpg
102.05.08 11:09 B C:\My Documents\Rome\RomePics\sforum2.jpg --> lawruk.com /Rome/RomePics sforum2.jpg
102.05.08 11:09 B C:\My Documents\Rome\RomePics\sistine.jpg --> lawruk.com /Rome/RomePics sistine.jpg
102.05.08 11:09 B C:\My Documents\Rome\RomePics\sistine.txt --> lawruk.com /Rome/RomePics sistine.txt
102.05.08 11:09 B C:\My Documents\Rome\RomePics\sistine2.jpg --> lawruk.com /Rome/RomePics sistine2.jpg
102.05.08 11:09 B C:\My Documents\Rome\RomePics\sm12.jpg --> lawruk.com /Rome/RomePics sm12.jpg
102.05.08 11:09 B C:\My Documents\Rome\RomePics\sm3.jpg --> lawruk.com /Rome/RomePics sm3.jpg
102.05.08 11:09 B C:\My Documents\Rome\RomePics\spantheon1.jpg --> lawruk.com /Rome/RomePics spantheon1.jpg
102.05.08 11:09 B C:\My Documents\Rome\RomePics\spiazzanavona.jpg --> lawruk.com /Rome/RomePics spiazzanavona.jpg
102.05.08 11:09 B C:\My Documents\Rome\RomePics\sr2.jpg --> lawruk.com /Rome/RomePics sr2.jpg
102.05.08 11:09 B C:\My Documents\Rome\RomePics\ssteps1.jpg --> lawruk.com /Rome/RomePics ssteps1.jpg
102.05.08 11:09 B C:\My Documents\Rome\RomePics\ssteps2.jpg --> lawruk.com /Rome/RomePics ssteps2.jpg
102.05.08 11:09 B C:\My Documents\Rome\RomePics\ssteps3.jpg --> lawruk.com /Rome/RomePics ssteps3.jpg
102.05.08 11:09 B C:\My Documents\Rome\RomePics\sstpeters2.jpg --> lawruk.com /Rome/RomePics sstpeters2.jpg
102.05.08 11:09 B C:\My Documents\Rome\RomePics\stemma_jp_ii.jpg --> lawruk.com /Rome/RomePics stemma_jp_ii.jpg
102.05.08 11:09 B C:\My Documents\Rome\RomePics\steps1.jpg --> lawruk.com /Rome/RomePics steps1.jpg
102.05.08 11:09 B C:\My Documents\Rome\RomePics\steps2.jpg --> lawruk.com /Rome/RomePics steps2.jpg
102.05.08 11:10 B C:\My Documents\Rome\RomePics\steps3.jpg --> lawruk.com /Rome/RomePics steps3.jpg
102.05.08 11:10 B C:\My Documents\Rome\RomePics\stpeters.jpg --> lawruk.com /Rome/RomePics stpeters.jpg
102.05.08 11:10 B C:\My Documents\Rome\RomePics\stpeters1.jpg --> lawruk.com /Rome/RomePics stpeters1.jpg
102.05.08 11:10 B C:\My Documents\Rome\RomePics\stpeters2.jpg --> lawruk.com /Rome/RomePics stpeters2.jpg
102.05.08 11:10 B C:\My Documents\Rome\RomePics\strevi1.jpg --> lawruk.com /Rome/RomePics strevi1.jpg
102.05.08 11:10 B C:\My Documents\Rome\RomePics\strevi2.jpg --> lawruk.com /Rome/RomePics strevi2.jpg
102.05.08 11:10 B C:\My Documents\Rome\RomePics\sv2.jpg --> lawruk.com /Rome/RomePics sv2.jpg
102.05.08 11:10 B C:\My Documents\Rome\RomePics\sv5.jpg --> lawruk.com /Rome/RomePics sv5.jpg
102.05.08 11:10 B C:\My Documents\Rome\RomePics\trevi1.jpg --> lawruk.com /Rome/RomePics trevi1.jpg
102.05.08 11:10 B C:\My Documents\Rome\RomePics\trevi2.jpg --> lawruk.com /Rome/RomePics trevi2.jpg
2002.09.03 16:03 B C:\Inetpub\wwwroot\backup\Rome\RomePics\ws_ftp.log <-- lawruk.com /Rome/RomePics ws_ftp.log
2003.01.23 10:30 B C:\Inetpub\wwwroot\Rome\RomePics\a.jpg --> lawruk.com /jlawruk/wwwroot/Rome/RomePics a.jpg
2003.01.23 10:30 B C:\Inetpub\wwwroot\Rome\RomePics\aviat.jpg --> lawruk.com /jlawruk/wwwroot/Rome/RomePics aviat.jpg
2003.01.23 10:30 B C:\Inetpub\wwwroot\Rome\RomePics\aviat2.jpg --> lawruk.com /jlawruk/wwwroot/Rome/RomePics aviat2.jpg
2003.01.23 10:30 B C:\Inetpub\wwwroot\Rome\RomePics\aviat3.jpg --> lawruk.com /jlawruk/wwwroot/Rome/RomePics aviat3.jpg
2003.01.23 10:30 B C:\Inetpub\wwwroot\Rome\RomePics\bceiling.jpg --> lawruk.com /jlawruk/wwwroot/Rome/RomePics bceiling.jpg
2003.01.23 10:30 B C:\Inetpub\wwwroot\Rome\RomePics\bridge.jpg --> lawruk.com /jlawruk/wwwroot/Rome/RomePics bridge.jpg
2003.01.23 10:30 B C:\Inetpub\wwwroot\Rome\RomePics\bsistine.jpg --> lawruk.com /jlawruk/wwwroot/Rome/RomePics bsistine.jpg
2003.01.23 10:30 B C:\Inetpub\wwwroot\Rome\RomePics\castle.jpg --> lawruk.com /jlawruk/wwwroot/Rome/RomePics castle.jpg
2003.01.23 10:30 B C:\Inetpub\wwwroot\Rome\RomePics\ceiling.jpg --> lawruk.com /jlawruk/wwwroot/Rome/RomePics ceiling.jpg
2003.01.23 10:30 B C:\Inetpub\wwwroot\Rome\RomePics\chapelcrypt.jpg --> lawruk.com /jlawruk/wwwroot/Rome/RomePics chapelcrypt.jpg
2003.01.23 10:30 B C:\Inetpub\wwwroot\Rome\RomePics\colosseum.jpg --> lawruk.com /jlawruk/wwwroot/Rome/RomePics colosseum.jpg
2003.01.23 10:30 B C:\Inetpub\wwwroot\Rome\RomePics\colosseum2.jpg --> lawruk.com /jlawruk/wwwroot/Rome/RomePics colosseum2.jpg
2003.01.23 10:30 B C:\Inetpub\wwwroot\Rome\RomePics\colosseum3.jpg --> lawruk.com /jlawruk/wwwroot/Rome/RomePics colosseum3.jpg
2003.01.23 10:30 B C:\Inetpub\wwwroot\Rome\RomePics\colosseum4.jpg --> lawruk.com /jlawruk/wwwroot/Rome/RomePics colosseum4.jpg
2003.01.23 10:30 B C:\Inetpub\wwwroot\Rome\RomePics\colosseumcoin.gif --> lawruk.com /jlawruk/wwwroot/Rome/RomePics colosseumcoin.gif
2003.01.23 10:30 B C:\Inetpub\wwwroot\Rome\RomePics\colosseumcoin2.gif --> lawruk.com /jlawruk/wwwroot/Rome/RomePics colosseumcoin2.gif
2003.01.23 10:30 B C:\Inetpub\wwwroot\Rome\RomePics\dome.jpg --> lawruk.com /jlawruk/wwwroot/Rome/RomePics dome.jpg
2003.01.23 10:30 B C:\Inetpub\wwwroot\Rome\RomePics\dome2.jpg --> lawruk.com /jlawruk/wwwroot/Rome/RomePics dome2.jpg
2003.01.23 10:30 B C:\Inetpub\wwwroot\Rome\RomePics\dsu.gif --> lawruk.com /jlawruk/wwwroot/Rome/RomePics dsu.gif
2003.01.23 10:30 B C:\Inetpub\wwwroot\Rome\RomePics\forum.jpg --> lawruk.com /jlawruk/wwwroot/Rome/RomePics forum.jpg
2003.01.23 10:30 B C:\Inetpub\wwwroot\Rome\RomePics\forum2.jpg --> lawruk.com /jlawruk/wwwroot/Rome/RomePics forum2.jpg
2003.01.23 10:30 B C:\Inetpub\wwwroot\Rome\RomePics\forumagustus.jpg --> lawruk.com /jlawruk/wwwroot/Rome/RomePics forumagustus.jpg
2003.01.23 10:30 B C:\Inetpub\wwwroot\Rome\RomePics\image2.jpg --> lawruk.com /jlawruk/wwwroot/Rome/RomePics image2.jpg
2003.01.23 10:30 B C:\Inetpub\wwwroot\Rome\RomePics\it-150.gif --> lawruk.com /jlawruk/wwwroot/Rome/RomePics it-150.gif
2003.01.23 10:30 B C:\Inetpub\wwwroot\Rome\RomePics\jp_ii.jpg --> lawruk.com /jlawruk/wwwroot/Rome/RomePics jp_ii.jpg
2003.01.23 10:30 B C:\Inetpub\wwwroot\Rome\RomePics\leonie.jpg --> lawruk.com /jlawruk/wwwroot/Rome/RomePics leonie.jpg
2003.01.23 10:30 B C:\Inetpub\wwwroot\Rome\RomePics\logo2.gif --> lawruk.com /jlawruk/wwwroot/Rome/RomePics logo2.gif
2003.01.23 10:30 B C:\Inetpub\wwwroot\Rome\RomePics\logorome.gif --> lawruk.com /jlawruk/wwwroot/Rome/RomePics logorome.gif
2003.01.23 10:30 B C:\Inetpub\wwwroot\Rome\RomePics\map.jpg --> lawruk.com /jlawruk/wwwroot/Rome/RomePics map.jpg
2003.01.23 10:30 B C:\Inetpub\wwwroot\Rome\RomePics\map1.gif --> lawruk.com /jlawruk/wwwroot/Rome/RomePics map1.gif
2003.01.23 10:30 B C:\Inetpub\wwwroot\Rome\RomePics\map2.gif --> lawruk.com /jlawruk/wwwroot/Rome/RomePics map2.gif
2003.01.23 10:30 B C:\Inetpub\wwwroot\Rome\RomePics\pantheon.jpg --> lawruk.com /jlawruk/wwwroot/Rome/RomePics pantheon.jpg
2003.01.23 10:30 B C:\Inetpub\wwwroot\Rome\RomePics\pantheon1.jpg --> lawruk.com /jlawruk/wwwroot/Rome/RomePics pantheon1.jpg
2003.01.23 10:30 B C:\Inetpub\wwwroot\Rome\RomePics\pantheon2.jpg --> lawruk.com /jlawruk/wwwroot/Rome/RomePics pantheon2.jpg
2003.01.23 10:30 B C:\Inetpub\wwwroot\Rome\RomePics\piazzanavona.jpg --> lawruk.com /jlawruk/wwwroot/Rome/RomePics piazzanavona.jpg
2003.01.23 10:30 B C:\Inetpub\wwwroot\Rome\RomePics\romelogo2.gif --> lawruk.com /jlawruk/wwwroot/Rome/RomePics romelogo2.gif
2003.01.23 10:30 B C:\Inetpub\wwwroot\Rome\RomePics\s28.jpg --> lawruk.com /jlawruk/wwwroot/Rome/RomePics s28.jpg
2003.01.23 10:30 B C:\Inetpub\wwwroot\Rome\RomePics\s52.jpg --> lawruk.com /jlawruk/wwwroot/Rome/RomePics s52.jpg
2003.01.23 10:30 B C:\Inetpub\wwwroot\Rome\RomePics\s57.jpg --> lawruk.com /jlawruk/wwwroot/Rome/RomePics s57.jpg
2003.01.23 10:30 B C:\Inetpub\wwwroot\Rome\RomePics\sfondo.jpe --> lawruk.com /jlawruk/wwwroot/Rome/RomePics sfondo.jpe
2003.01.23 10:30 B C:\Inetpub\wwwroot\Rome\RomePics\sforum.jpg --> lawruk.com /jlawruk/wwwroot/Rome/RomePics sforum.jpg
2003.01.23 10:30 B C:\Inetpub\wwwroot\Rome\RomePics\sforum2.jpg --> lawruk.com /jlawruk/wwwroot/Rome/RomePics sforum2.jpg
2003.01.23 10:30 B C:\Inetpub\wwwroot\Rome\RomePics\sistine.jpg --> lawruk.com /jlawruk/wwwroot/Rome/RomePics sistine.jpg
2003.01.23 10:30 B C:\Inetpub\wwwroot\Rome\RomePics\sistine.txt --> lawruk.com /jlawruk/wwwroot/Rome/RomePics sistine.txt
2003.01.23 10:30 B C:\Inetpub\wwwroot\Rome\RomePics\sistine2.jpg --> lawruk.com /jlawruk/wwwroot/Rome/RomePics sistine2.jpg
2003.01.23 10:30 B C:\Inetpub\wwwroot\Rome\RomePics\sm12.jpg --> lawruk.com /jlawruk/wwwroot/Rome/RomePics sm12.jpg
2003.01.23 10:30 B C:\Inetpub\wwwroot\Rome\RomePics\sm3.jpg --> lawruk.com /jlawruk/wwwroot/Rome/RomePics sm3.jpg
2003.01.23 10:30 B C:\Inetpub\wwwroot\Rome\RomePics\spantheon1.jpg --> lawruk.com /jlawruk/wwwroot/Rome/RomePics spantheon1.jpg
2003.01.23 10:30 B C:\Inetpub\wwwroot\Rome\RomePics\spiazzanavona.jpg --> lawruk.com /jlawruk/wwwroot/Rome/RomePics spiazzanavona.jpg
2003.01.23 10:30 B C:\Inetpub\wwwroot\Rome\RomePics\sr2.jpg --> lawruk.com /jlawruk/wwwroot/Rome/RomePics sr2.jpg
2003.01.23 10:30 B C:\Inetpub\wwwroot\Rome\RomePics\ssteps1.jpg --> lawruk.com /jlawruk/wwwroot/Rome/RomePics ssteps1.jpg
2003.01.23 10:30 B C:\Inetpub\wwwroot\Rome\RomePics\ssteps2.jpg --> lawruk.com /jlawruk/wwwroot/Rome/RomePics ssteps2.jpg
2003.01.23 10:30 B C:\Inetpub\wwwroot\Rome\RomePics\ssteps3.jpg --> lawruk.com /jlawruk/wwwroot/Rome/RomePics ssteps3.jpg
2003.01.23 10:30 B C:\Inetpub\wwwroot\Rome\RomePics\sstpeters2.jpg --> lawruk.com /jlawruk/wwwroot/Rome/RomePics sstpeters2.jpg
2003.01.23 10:30 B C:\Inetpub\wwwroot\Rome\RomePics\stemma_jp_ii.jpg --> lawruk.com /jlawruk/wwwroot/Rome/RomePics stemma_jp_ii.jpg
2003.01.23 10:30 B C:\Inetpub\wwwroot\Rome\RomePics\steps1.jpg --> lawruk.com /jlawruk/wwwroot/Rome/RomePics steps1.jpg
2003.01.23 10:30 B C:\Inetpub\wwwroot\Rome\RomePics\steps2.jpg --> lawruk.com /jlawruk/wwwroot/Rome/RomePics steps2.jpg
2003.01.23 10:30 B C:\Inetpub\wwwroot\Rome\RomePics\steps3.jpg --> lawruk.com /jlawruk/wwwroot/Rome/RomePics steps3.jpg
2003.01.23 10:30 B C:\Inetpub\wwwroot\Rome\RomePics\stpeters.jpg --> lawruk.com /jlawruk/wwwroot/Rome/RomePics stpeters.jpg
2003.01.23 10:30 B C:\Inetpub\wwwroot\Rome\RomePics\stpeters1.jpg --> lawruk.com /jlawruk/wwwroot/Rome/RomePics stpeters1.jpg
2003.01.23 10:30 B C:\Inetpub\wwwroot\Rome\RomePics\stpeters2.jpg --> lawruk.com /jlawruk/wwwroot/Rome/RomePics stpeters2.jpg
2003.01.23 10:30 B C:\Inetpub\wwwroot\Rome\RomePics\strevi1.jpg --> lawruk.com /jlawruk/wwwroot/Rome/RomePics strevi1.jpg
2003.01.23 10:30 B C:\Inetpub\wwwroot\Rome\RomePics\strevi2.jpg --> lawruk.com /jlawruk/wwwroot/Rome/RomePics strevi2.jpg
2003.01.23 10:30 B C:\Inetpub\wwwroot\Rome\RomePics\sv2.jpg --> lawruk.com /jlawruk/wwwroot/Rome/RomePics sv2.jpg
2003.01.23 10:30 B C:\Inetpub\wwwroot\Rome\RomePics\sv5.jpg --> lawruk.com /jlawruk/wwwroot/Rome/RomePics sv5.jpg
2003.01.23 10:30 B C:\Inetpub\wwwroot\Rome\RomePics\trevi1.jpg --> lawruk.com /jlawruk/wwwroot/Rome/RomePics trevi1.jpg
2003.01.23 10:30 B C:\Inetpub\wwwroot\Rome\RomePics\trevi2.jpg --> lawruk.com /jlawruk/wwwroot/Rome/RomePics trevi2.jpg
2003.01.23 10:30 B C:\Inetpub\wwwroot\Rome\RomePics\VALMAP.jpg --> lawruk.com /jlawruk/wwwroot/Rome/RomePics VALMAP.jpg
2003.01.23 11:08 B C:\Inetpub\wwwroot\lawruk\Rome\RomePics\WS_FTP.LOG <-- lawruk.com /jlawruk/wwwroot/Rome/RomePics WS_FTP.LOG
