102.05.08 10:55 B C:\My Documents\Rome\RomePages\New Text Document.txt <-- ms1.allencol.edu /home/jml1/public_html/Rome/RomePages New Text Document.txt
102.05.08 10:55 B C:\My Documents\Rome\RomePages\audience.htm <-- ms1.allencol.edu /home/jml1/public_html/Rome/RomePages audience.htm
102.05.08 10:55 B C:\My Documents\Rome\RomePages\aviat.htm <-- ms1.allencol.edu /home/jml1/public_html/Rome/RomePages aviat.htm
102.05.08 10:55 B C:\My Documents\Rome\RomePages\canonization.htm <-- ms1.allencol.edu /home/jml1/public_html/Rome/RomePages canonization.htm
102.05.08 10:55 B C:\My Documents\Rome\RomePages\castle.htm <-- ms1.allencol.edu /home/jml1/public_html/Rome/RomePages castle.htm
102.05.08 10:55 B C:\My Documents\Rome\RomePages\colosseum.htm <-- ms1.allencol.edu /home/jml1/public_html/Rome/RomePages colosseum.htm
102.05.08 10:55 B C:\My Documents\Rome\RomePages\forum.htm <-- ms1.allencol.edu /home/jml1/public_html/Rome/RomePages forum.htm
102.05.08 10:55 B C:\My Documents\Rome\RomePages\map.htm <-- ms1.allencol.edu /home/jml1/public_html/Rome/RomePages map.htm
102.05.08 10:55 B C:\My Documents\Rome\RomePages\museum.htm <-- ms1.allencol.edu /home/jml1/public_html/Rome/RomePages museum.htm
102.05.08 10:55 B C:\My Documents\Rome\RomePages\navona.htm <-- ms1.allencol.edu /home/jml1/public_html/Rome/RomePages navona.htm
102.05.08 10:55 B C:\My Documents\Rome\RomePages\pantheon.htm <-- ms1.allencol.edu /home/jml1/public_html/Rome/RomePages pantheon.htm
102.05.08 10:55 B C:\My Documents\Rome\RomePages\pauls.htm <-- ms1.allencol.edu /home/jml1/public_html/Rome/RomePages pauls.htm
102.05.08 10:55 B C:\My Documents\Rome\RomePages\pictures.htm <-- ms1.allencol.edu /home/jml1/public_html/Rome/RomePages pictures.htm
102.05.08 10:55 B C:\My Documents\Rome\RomePages\picturesold.htm <-- ms1.allencol.edu /home/jml1/public_html/Rome/RomePages picturesold.htm
102.05.08 10:55 B C:\My Documents\Rome\RomePages\sistine.htm <-- ms1.allencol.edu /home/jml1/public_html/Rome/RomePages sistine.htm
102.05.08 10:55 B C:\My Documents\Rome\RomePages\spanish.htm <-- ms1.allencol.edu /home/jml1/public_html/Rome/RomePages spanish.htm
102.05.08 10:55 B C:\My Documents\Rome\RomePages\stpeters.htm <-- ms1.allencol.edu /home/jml1/public_html/Rome/RomePages stpeters.htm
102.05.08 10:55 B C:\My Documents\Rome\RomePages\trevi.htm <-- ms1.allencol.edu /home/jml1/public_html/Rome/RomePages trevi.htm
102.05.08 10:55 B C:\My Documents\Rome\RomePages\vatican.htm <-- ms1.allencol.edu /home/jml1/public_html/Rome/RomePages vatican.htm
102.05.08 11:03 B C:\My Documents\Rome\RomePages\New Text Document.txt --> lawruk.com /Rome New Text Document.txt
2002.09.03 15:56 B C:\Inetpub\wwwroot\backup\Rome\RomePages\ws_ftp.log <-- lawruk.com /Rome/RomePages ws_ftp.log
2003.01.23 10:28 B C:\Inetpub\wwwroot\Rome\RomePages\audience.htm --> lawruk.com /jlawruk/wwwroot/Rome/RomePages audience.htm
2003.01.23 10:28 B C:\Inetpub\wwwroot\Rome\RomePages\aviat.htm --> lawruk.com /jlawruk/wwwroot/Rome/RomePages aviat.htm
2003.01.23 10:28 B C:\Inetpub\wwwroot\Rome\RomePages\canonization.htm --> lawruk.com /jlawruk/wwwroot/Rome/RomePages canonization.htm
2003.01.23 10:28 B C:\Inetpub\wwwroot\Rome\RomePages\castle.htm --> lawruk.com /jlawruk/wwwroot/Rome/RomePages castle.htm
2003.01.23 10:28 B C:\Inetpub\wwwroot\Rome\RomePages\colosseum.htm --> lawruk.com /jlawruk/wwwroot/Rome/RomePages colosseum.htm
2003.01.23 10:28 B C:\Inetpub\wwwroot\Rome\RomePages\forum.htm --> lawruk.com /jlawruk/wwwroot/Rome/RomePages forum.htm
2003.01.23 10:28 B C:\Inetpub\wwwroot\Rome\RomePages\map.htm --> lawruk.com /jlawruk/wwwroot/Rome/RomePages map.htm
2003.01.23 10:28 B C:\Inetpub\wwwroot\Rome\RomePages\museum.htm --> lawruk.com /jlawruk/wwwroot/Rome/RomePages museum.htm
2003.01.23 10:28 B C:\Inetpub\wwwroot\Rome\RomePages\navona.htm --> lawruk.com /jlawruk/wwwroot/Rome/RomePages navona.htm
2003.01.23 10:28 B C:\Inetpub\wwwroot\Rome\RomePages\New Text Document.txt --> lawruk.com /jlawruk/wwwroot/Rome/RomePages New Text Document.txt
2003.01.23 10:28 B C:\Inetpub\wwwroot\Rome\RomePages\pantheon.htm --> lawruk.com /jlawruk/wwwroot/Rome/RomePages pantheon.htm
2003.01.23 10:28 B C:\Inetpub\wwwroot\Rome\RomePages\pauls.htm --> lawruk.com /jlawruk/wwwroot/Rome/RomePages pauls.htm
2003.01.23 10:28 B C:\Inetpub\wwwroot\Rome\RomePages\pictures.htm --> lawruk.com /jlawruk/wwwroot/Rome/RomePages pictures.htm
2003.01.23 10:28 B C:\Inetpub\wwwroot\Rome\RomePages\picturesold.htm --> lawruk.com /jlawruk/wwwroot/Rome/RomePages picturesold.htm
2003.01.23 10:28 B C:\Inetpub\wwwroot\Rome\RomePages\sistine.htm --> lawruk.com /jlawruk/wwwroot/Rome/RomePages sistine.htm
2003.01.23 10:28 B C:\Inetpub\wwwroot\Rome\RomePages\spanish.htm --> lawruk.com /jlawruk/wwwroot/Rome/RomePages spanish.htm
2003.01.23 10:28 B C:\Inetpub\wwwroot\Rome\RomePages\stpeters.htm --> lawruk.com /jlawruk/wwwroot/Rome/RomePages stpeters.htm
2003.01.23 10:28 B C:\Inetpub\wwwroot\Rome\RomePages\trevi.htm --> lawruk.com /jlawruk/wwwroot/Rome/RomePages trevi.htm
2003.01.23 10:28 B C:\Inetpub\wwwroot\Rome\RomePages\vatican.htm --> lawruk.com /jlawruk/wwwroot/Rome/RomePages vatican.htm
2003.01.23 11:05 B C:\Inetpub\wwwroot\lawruk\Rome\RomePages\WS_FTP.LOG <-- lawruk.com /jlawruk/wwwroot/Rome/RomePages WS_FTP.LOG
