102.02.10 16:19 B F:\HOME\STUDENT\aaa\Rome\RomePhotos\15.jpg <-- ms1.allencol.edu /home/jml1/public_html/RomePhotos 15.jpg
102.02.10 16:19 B F:\HOME\STUDENT\aaa\Rome\RomePhotos\17.jpg <-- ms1.allencol.edu /home/jml1/public_html/RomePhotos 17.jpg
102.02.10 16:20 B F:\HOME\STUDENT\aaa\Rome\RomePhotos\18.jpg <-- ms1.allencol.edu /home/jml1/public_html/RomePhotos 18.jpg
102.02.10 16:20 B F:\HOME\STUDENT\aaa\Rome\RomePhotos\22.jpg <-- ms1.allencol.edu /home/jml1/public_html/RomePhotos 22.jpg
102.02.10 16:20 B F:\HOME\STUDENT\aaa\Rome\RomePhotos\28.jpg <-- ms1.allencol.edu /home/jml1/public_html/RomePhotos 28.jpg
102.02.10 16:20 B F:\HOME\STUDENT\aaa\Rome\RomePhotos\30.jpg <-- ms1.allencol.edu /home/jml1/public_html/RomePhotos 30.jpg
102.02.10 16:20 B F:\HOME\STUDENT\aaa\Rome\RomePhotos\32.jpg <-- ms1.allencol.edu /home/jml1/public_html/RomePhotos 32.jpg
102.02.10 16:20 B F:\HOME\STUDENT\aaa\Rome\RomePhotos\33.jpg <-- ms1.allencol.edu /home/jml1/public_html/RomePhotos 33.jpg
102.02.10 16:20 B F:\HOME\STUDENT\aaa\Rome\RomePhotos\34.jpg <-- ms1.allencol.edu /home/jml1/public_html/RomePhotos 34.jpg
102.02.10 16:20 B F:\HOME\STUDENT\aaa\Rome\RomePhotos\35.jpg <-- ms1.allencol.edu /home/jml1/public_html/RomePhotos 35.jpg
102.02.10 16:20 B F:\HOME\STUDENT\aaa\Rome\RomePhotos\37.jpg <-- ms1.allencol.edu /home/jml1/public_html/RomePhotos 37.jpg
102.02.10 16:20 B F:\HOME\STUDENT\aaa\Rome\RomePhotos\38.jpg <-- ms1.allencol.edu /home/jml1/public_html/RomePhotos 38.jpg
102.02.10 16:20 B F:\HOME\STUDENT\aaa\Rome\RomePhotos\40.jpg <-- ms1.allencol.edu /home/jml1/public_html/RomePhotos 40.jpg
102.02.10 16:20 B F:\HOME\STUDENT\aaa\Rome\RomePhotos\43.jpg <-- ms1.allencol.edu /home/jml1/public_html/RomePhotos 43.jpg
102.02.10 16:20 B F:\HOME\STUDENT\aaa\Rome\RomePhotos\44.jpg <-- ms1.allencol.edu /home/jml1/public_html/RomePhotos 44.jpg
102.02.10 16:20 B F:\HOME\STUDENT\aaa\Rome\RomePhotos\47.jpg <-- ms1.allencol.edu /home/jml1/public_html/RomePhotos 47.jpg
102.02.10 16:20 B F:\HOME\STUDENT\aaa\Rome\RomePhotos\48.jpg <-- ms1.allencol.edu /home/jml1/public_html/RomePhotos 48.jpg
102.02.10 16:20 B F:\HOME\STUDENT\aaa\Rome\RomePhotos\51.jpg <-- ms1.allencol.edu /home/jml1/public_html/RomePhotos 51.jpg
102.02.10 16:20 B F:\HOME\STUDENT\aaa\Rome\RomePhotos\52.jpg <-- ms1.allencol.edu /home/jml1/public_html/RomePhotos 52.jpg
102.02.10 16:20 B F:\HOME\STUDENT\aaa\Rome\RomePhotos\54.jpg <-- ms1.allencol.edu /home/jml1/public_html/RomePhotos 54.jpg
102.02.10 16:20 B F:\HOME\STUDENT\aaa\Rome\RomePhotos\56.jpg <-- ms1.allencol.edu /home/jml1/public_html/RomePhotos 56.jpg
102.02.10 16:20 B F:\HOME\STUDENT\aaa\Rome\RomePhotos\58.jpg <-- ms1.allencol.edu /home/jml1/public_html/RomePhotos 58.jpg
102.02.10 16:20 B F:\HOME\STUDENT\aaa\Rome\RomePhotos\60.jpg <-- ms1.allencol.edu /home/jml1/public_html/RomePhotos 60.jpg
102.02.10 16:20 B F:\HOME\STUDENT\aaa\Rome\RomePhotos\60b.jpg <-- ms1.allencol.edu /home/jml1/public_html/RomePhotos 60b.jpg
102.02.10 16:20 B F:\HOME\STUDENT\aaa\Rome\RomePhotos\61.jpg <-- ms1.allencol.edu /home/jml1/public_html/RomePhotos 61.jpg
102.02.10 16:20 B F:\HOME\STUDENT\aaa\Rome\RomePhotos\l1.jpg <-- ms1.allencol.edu /home/jml1/public_html/RomePhotos l1.jpg
102.02.10 16:20 B F:\HOME\STUDENT\aaa\Rome\RomePhotos\l2.jpg <-- ms1.allencol.edu /home/jml1/public_html/RomePhotos l2.jpg
102.02.10 16:20 B F:\HOME\STUDENT\aaa\Rome\RomePhotos\l3.jpg <-- ms1.allencol.edu /home/jml1/public_html/RomePhotos l3.jpg
102.02.10 16:20 B F:\HOME\STUDENT\aaa\Rome\RomePhotos\r1.jpg <-- ms1.allencol.edu /home/jml1/public_html/RomePhotos r1.jpg
102.02.10 16:20 B F:\HOME\STUDENT\aaa\Rome\RomePhotos\r10.jpg <-- ms1.allencol.edu /home/jml1/public_html/RomePhotos r10.jpg
102.02.10 16:20 B F:\HOME\STUDENT\aaa\Rome\RomePhotos\r11.jpg <-- ms1.allencol.edu /home/jml1/public_html/RomePhotos r11.jpg
102.02.10 16:20 B F:\HOME\STUDENT\aaa\Rome\RomePhotos\r12.jpg <-- ms1.allencol.edu /home/jml1/public_html/RomePhotos r12.jpg
102.02.10 16:20 B F:\HOME\STUDENT\aaa\Rome\RomePhotos\r13.jpg <-- ms1.allencol.edu /home/jml1/public_html/RomePhotos r13.jpg
102.02.10 16:20 B F:\HOME\STUDENT\aaa\Rome\RomePhotos\r14.jpg <-- ms1.allencol.edu /home/jml1/public_html/RomePhotos r14.jpg
102.02.10 16:20 B F:\HOME\STUDENT\aaa\Rome\RomePhotos\r15.jpg <-- ms1.allencol.edu /home/jml1/public_html/RomePhotos r15.jpg
102.02.10 16:20 B F:\HOME\STUDENT\aaa\Rome\RomePhotos\r16.jpg <-- ms1.allencol.edu /home/jml1/public_html/RomePhotos r16.jpg
102.02.10 16:20 B F:\HOME\STUDENT\aaa\Rome\RomePhotos\r17.jpg <-- ms1.allencol.edu /home/jml1/public_html/RomePhotos r17.jpg
102.02.10 16:20 B F:\HOME\STUDENT\aaa\Rome\RomePhotos\r18.jpg <-- ms1.allencol.edu /home/jml1/public_html/RomePhotos r18.jpg
102.02.10 16:20 B F:\HOME\STUDENT\aaa\Rome\RomePhotos\r19.jpg <-- ms1.allencol.edu /home/jml1/public_html/RomePhotos r19.jpg
102.02.10 16:20 B F:\HOME\STUDENT\aaa\Rome\RomePhotos\r2.jpg <-- ms1.allencol.edu /home/jml1/public_html/RomePhotos r2.jpg
102.02.10 16:20 B F:\HOME\STUDENT\aaa\Rome\RomePhotos\r20.jpg <-- ms1.allencol.edu /home/jml1/public_html/RomePhotos r20.jpg
102.02.10 16:20 B F:\HOME\STUDENT\aaa\Rome\RomePhotos\r21.jpg <-- ms1.allencol.edu /home/jml1/public_html/RomePhotos r21.jpg
102.02.10 16:20 B F:\HOME\STUDENT\aaa\Rome\RomePhotos\r22.jpg <-- ms1.allencol.edu /home/jml1/public_html/RomePhotos r22.jpg
102.02.10 16:20 B F:\HOME\STUDENT\aaa\Rome\RomePhotos\r23.jpg <-- ms1.allencol.edu /home/jml1/public_html/RomePhotos r23.jpg
102.02.10 16:20 B F:\HOME\STUDENT\aaa\Rome\RomePhotos\r24.jpg <-- ms1.allencol.edu /home/jml1/public_html/RomePhotos r24.jpg
102.02.10 16:20 B F:\HOME\STUDENT\aaa\Rome\RomePhotos\r25.jpg <-- ms1.allencol.edu /home/jml1/public_html/RomePhotos r25.jpg
102.02.10 16:20 B F:\HOME\STUDENT\aaa\Rome\RomePhotos\r26.jpg <-- ms1.allencol.edu /home/jml1/public_html/RomePhotos r26.jpg
102.02.10 16:20 B F:\HOME\STUDENT\aaa\Rome\RomePhotos\r27.jpg <-- ms1.allencol.edu /home/jml1/public_html/RomePhotos r27.jpg
102.02.10 16:20 B F:\HOME\STUDENT\aaa\Rome\RomePhotos\r28.jpg <-- ms1.allencol.edu /home/jml1/public_html/RomePhotos r28.jpg
102.02.10 16:20 B F:\HOME\STUDENT\aaa\Rome\RomePhotos\r29.jpg <-- ms1.allencol.edu /home/jml1/public_html/RomePhotos r29.jpg
102.02.10 16:20 B F:\HOME\STUDENT\aaa\Rome\RomePhotos\r3.jpg <-- ms1.allencol.edu /home/jml1/public_html/RomePhotos r3.jpg
102.02.10 16:20 B F:\HOME\STUDENT\aaa\Rome\RomePhotos\r30.jpg <-- ms1.allencol.edu /home/jml1/public_html/RomePhotos r30.jpg
102.02.10 16:20 B F:\HOME\STUDENT\aaa\Rome\RomePhotos\r31.jpg <-- ms1.allencol.edu /home/jml1/public_html/RomePhotos r31.jpg
102.02.10 16:20 B F:\HOME\STUDENT\aaa\Rome\RomePhotos\r32.jpg <-- ms1.allencol.edu /home/jml1/public_html/RomePhotos r32.jpg
102.02.10 16:20 B F:\HOME\STUDENT\aaa\Rome\RomePhotos\r33.jpg <-- ms1.allencol.edu /home/jml1/public_html/RomePhotos r33.jpg
102.02.10 16:20 B F:\HOME\STUDENT\aaa\Rome\RomePhotos\r34.jpg <-- ms1.allencol.edu /home/jml1/public_html/RomePhotos r34.jpg
102.02.10 16:20 B F:\HOME\STUDENT\aaa\Rome\RomePhotos\r35.jpg <-- ms1.allencol.edu /home/jml1/public_html/RomePhotos r35.jpg
102.02.10 16:20 B F:\HOME\STUDENT\aaa\Rome\RomePhotos\r36.jpg <-- ms1.allencol.edu /home/jml1/public_html/RomePhotos r36.jpg
102.02.10 16:20 B F:\HOME\STUDENT\aaa\Rome\RomePhotos\r37.jpg <-- ms1.allencol.edu /home/jml1/public_html/RomePhotos r37.jpg
102.02.10 16:20 B F:\HOME\STUDENT\aaa\Rome\RomePhotos\r4.jpg <-- ms1.allencol.edu /home/jml1/public_html/RomePhotos r4.jpg
102.02.10 16:20 B F:\HOME\STUDENT\aaa\Rome\RomePhotos\r5.jpg <-- ms1.allencol.edu /home/jml1/public_html/RomePhotos r5.jpg
102.02.10 16:20 B F:\HOME\STUDENT\aaa\Rome\RomePhotos\r6.jpg <-- ms1.allencol.edu /home/jml1/public_html/RomePhotos r6.jpg
102.02.10 16:20 B F:\HOME\STUDENT\aaa\Rome\RomePhotos\r7.jpg <-- ms1.allencol.edu /home/jml1/public_html/RomePhotos r7.jpg
102.02.10 16:20 B F:\HOME\STUDENT\aaa\Rome\RomePhotos\r8.jpg <-- ms1.allencol.edu /home/jml1/public_html/RomePhotos r8.jpg
102.02.10 16:20 B F:\HOME\STUDENT\aaa\Rome\RomePhotos\r9.jpg <-- ms1.allencol.edu /home/jml1/public_html/RomePhotos r9.jpg
102.02.10 16:28 B F:\HOME\STUDENT\aaa\Rome\RomePhotos\15.jpg --> ms1.allencol.edu /home/jml1/public_html/RomePhotos 15.jpg
102.02.10 16:28 B F:\HOME\STUDENT\aaa\Rome\RomePhotos\ws_ftp.log --> ms1.allencol.edu /home/jml1/public_html/RomePhotos ws_ftp.log
102.02.10 16:28 B F:\HOME\STUDENT\aaa\Rome\RomePhotos\17.jpg --> ms1.allencol.edu /home/jml1/public_html/RomePhotos 17.jpg
102.02.10 16:28 B F:\HOME\STUDENT\aaa\Rome\RomePhotos\18.jpg --> ms1.allencol.edu /home/jml1/public_html/RomePhotos 18.jpg
102.02.10 16:28 B F:\HOME\STUDENT\aaa\Rome\RomePhotos\22.jpg --> ms1.allencol.edu /home/jml1/public_html/RomePhotos 22.jpg
102.02.10 16:28 B F:\HOME\STUDENT\aaa\Rome\RomePhotos\28.jpg --> ms1.allencol.edu /home/jml1/public_html/RomePhotos 28.jpg
102.02.10 16:28 B F:\HOME\STUDENT\aaa\Rome\RomePhotos\30.jpg --> ms1.allencol.edu /home/jml1/public_html/RomePhotos 30.jpg
102.02.10 16:28 B F:\HOME\STUDENT\aaa\Rome\RomePhotos\32.jpg --> ms1.allencol.edu /home/jml1/public_html/RomePhotos 32.jpg
102.02.10 16:28 B F:\HOME\STUDENT\aaa\Rome\RomePhotos\33.jpg --> ms1.allencol.edu /home/jml1/public_html/RomePhotos 33.jpg
102.02.10 16:28 B F:\HOME\STUDENT\aaa\Rome\RomePhotos\34.jpg --> ms1.allencol.edu /home/jml1/public_html/RomePhotos 34.jpg
102.02.10 16:28 B F:\HOME\STUDENT\aaa\Rome\RomePhotos\35.jpg --> ms1.allencol.edu /home/jml1/public_html/RomePhotos 35.jpg
102.02.10 16:28 B F:\HOME\STUDENT\aaa\Rome\RomePhotos\r8.jpg --> ms1.allencol.edu /home/jml1/public_html/RomePhotos r8.jpg
102.02.10 16:28 B F:\HOME\STUDENT\aaa\Rome\RomePhotos\r9.jpg --> ms1.allencol.edu /home/jml1/public_html/RomePhotos r9.jpg
102.02.10 16:28 B F:\HOME\STUDENT\aaa\Rome\RomePhotos\r31.jpg --> ms1.allencol.edu /home/jml1/public_html/RomePhotos r31.jpg
102.02.10 16:28 B F:\HOME\STUDENT\aaa\Rome\RomePhotos\r32.jpg --> ms1.allencol.edu /home/jml1/public_html/RomePhotos r32.jpg
102.02.10 16:28 B F:\HOME\STUDENT\aaa\Rome\RomePhotos\r33.jpg --> ms1.allencol.edu /home/jml1/public_html/RomePhotos r33.jpg
102.02.10 16:28 B F:\HOME\STUDENT\aaa\Rome\RomePhotos\r34.jpg --> ms1.allencol.edu /home/jml1/public_html/RomePhotos r34.jpg
102.02.10 16:28 B F:\HOME\STUDENT\aaa\Rome\RomePhotos\r35.jpg --> ms1.allencol.edu /home/jml1/public_html/RomePhotos r35.jpg
102.02.10 16:28 B F:\HOME\STUDENT\aaa\Rome\RomePhotos\r36.jpg --> ms1.allencol.edu /home/jml1/public_html/RomePhotos r36.jpg
102.02.10 16:28 B F:\HOME\STUDENT\aaa\Rome\RomePhotos\r37.jpg --> ms1.allencol.edu /home/jml1/public_html/RomePhotos r37.jpg
102.02.10 16:28 B F:\HOME\STUDENT\aaa\Rome\RomePhotos\r4.jpg --> ms1.allencol.edu /home/jml1/public_html/RomePhotos r4.jpg
102.02.10 16:28 B F:\HOME\STUDENT\aaa\Rome\RomePhotos\r5.jpg --> ms1.allencol.edu /home/jml1/public_html/RomePhotos r5.jpg
102.02.10 16:28 B F:\HOME\STUDENT\aaa\Rome\RomePhotos\r6.jpg --> ms1.allencol.edu /home/jml1/public_html/RomePhotos r6.jpg
102.02.10 16:28 B F:\HOME\STUDENT\aaa\Rome\RomePhotos\r7.jpg --> ms1.allencol.edu /home/jml1/public_html/RomePhotos r7.jpg
102.02.10 16:28 B F:\HOME\STUDENT\aaa\Rome\RomePhotos\r22.jpg --> ms1.allencol.edu /home/jml1/public_html/RomePhotos r22.jpg
102.02.10 16:28 B F:\HOME\STUDENT\aaa\Rome\RomePhotos\r23.jpg --> ms1.allencol.edu /home/jml1/public_html/RomePhotos r23.jpg
102.02.10 16:28 B F:\HOME\STUDENT\aaa\Rome\RomePhotos\r24.jpg --> ms1.allencol.edu /home/jml1/public_html/RomePhotos r24.jpg
102.02.10 16:28 B F:\HOME\STUDENT\aaa\Rome\RomePhotos\r25.jpg --> ms1.allencol.edu /home/jml1/public_html/RomePhotos r25.jpg
102.02.10 16:28 B F:\HOME\STUDENT\aaa\Rome\RomePhotos\r26.jpg --> ms1.allencol.edu /home/jml1/public_html/RomePhotos r26.jpg
102.02.10 16:28 B F:\HOME\STUDENT\aaa\Rome\RomePhotos\r27.jpg --> ms1.allencol.edu /home/jml1/public_html/RomePhotos r27.jpg
102.02.10 16:28 B F:\HOME\STUDENT\aaa\Rome\RomePhotos\r28.jpg --> ms1.allencol.edu /home/jml1/public_html/RomePhotos r28.jpg
102.02.10 16:28 B F:\HOME\STUDENT\aaa\Rome\RomePhotos\r29.jpg --> ms1.allencol.edu /home/jml1/public_html/RomePhotos r29.jpg
102.02.10 16:28 B F:\HOME\STUDENT\aaa\Rome\RomePhotos\r3.jpg --> ms1.allencol.edu /home/jml1/public_html/RomePhotos r3.jpg
102.02.10 16:28 B F:\HOME\STUDENT\aaa\Rome\RomePhotos\r30.jpg --> ms1.allencol.edu /home/jml1/public_html/RomePhotos r30.jpg
102.02.10 16:28 B F:\HOME\STUDENT\aaa\Rome\RomePhotos\r12.jpg --> ms1.allencol.edu /home/jml1/public_html/RomePhotos r12.jpg
102.02.10 16:28 B F:\HOME\STUDENT\aaa\Rome\RomePhotos\r13.jpg --> ms1.allencol.edu /home/jml1/public_html/RomePhotos r13.jpg
102.02.10 16:28 B F:\HOME\STUDENT\aaa\Rome\RomePhotos\r14.jpg --> ms1.allencol.edu /home/jml1/public_html/RomePhotos r14.jpg
102.02.10 16:28 B F:\HOME\STUDENT\aaa\Rome\RomePhotos\r15.jpg --> ms1.allencol.edu /home/jml1/public_html/RomePhotos r15.jpg
102.02.10 16:28 B F:\HOME\STUDENT\aaa\Rome\RomePhotos\r16.jpg --> ms1.allencol.edu /home/jml1/public_html/RomePhotos r16.jpg
102.02.10 16:28 B F:\HOME\STUDENT\aaa\Rome\RomePhotos\r17.jpg --> ms1.allencol.edu /home/jml1/public_html/RomePhotos r17.jpg
102.02.10 16:28 B F:\HOME\STUDENT\aaa\Rome\RomePhotos\r18.jpg --> ms1.allencol.edu /home/jml1/public_html/RomePhotos r18.jpg
102.02.10 16:28 B F:\HOME\STUDENT\aaa\Rome\RomePhotos\r19.jpg --> ms1.allencol.edu /home/jml1/public_html/RomePhotos r19.jpg
102.02.10 16:28 B F:\HOME\STUDENT\aaa\Rome\RomePhotos\r2.jpg --> ms1.allencol.edu /home/jml1/public_html/RomePhotos r2.jpg
102.02.10 16:28 B F:\HOME\STUDENT\aaa\Rome\RomePhotos\r20.jpg --> ms1.allencol.edu /home/jml1/public_html/RomePhotos r20.jpg
102.02.10 16:28 B F:\HOME\STUDENT\aaa\Rome\RomePhotos\r21.jpg --> ms1.allencol.edu /home/jml1/public_html/RomePhotos r21.jpg
102.02.10 16:28 B F:\HOME\STUDENT\aaa\Rome\RomePhotos\56.jpg --> ms1.allencol.edu /home/jml1/public_html/RomePhotos 56.jpg
102.02.10 16:28 B F:\HOME\STUDENT\aaa\Rome\RomePhotos\58.jpg --> ms1.allencol.edu /home/jml1/public_html/RomePhotos 58.jpg
102.02.10 16:28 B F:\HOME\STUDENT\aaa\Rome\RomePhotos\60.jpg --> ms1.allencol.edu /home/jml1/public_html/RomePhotos 60.jpg
102.02.10 16:28 B F:\HOME\STUDENT\aaa\Rome\RomePhotos\60b.jpg --> ms1.allencol.edu /home/jml1/public_html/RomePhotos 60b.jpg
102.02.10 16:28 B F:\HOME\STUDENT\aaa\Rome\RomePhotos\61.jpg --> ms1.allencol.edu /home/jml1/public_html/RomePhotos 61.jpg
102.02.10 16:28 B F:\HOME\STUDENT\aaa\Rome\RomePhotos\l1.jpg --> ms1.allencol.edu /home/jml1/public_html/RomePhotos l1.jpg
102.02.10 16:28 B F:\HOME\STUDENT\aaa\Rome\RomePhotos\l2.jpg --> ms1.allencol.edu /home/jml1/public_html/RomePhotos l2.jpg
102.02.10 16:28 B F:\HOME\STUDENT\aaa\Rome\RomePhotos\l3.jpg --> ms1.allencol.edu /home/jml1/public_html/RomePhotos l3.jpg
102.02.10 16:28 B F:\HOME\STUDENT\aaa\Rome\RomePhotos\r1.jpg --> ms1.allencol.edu /home/jml1/public_html/RomePhotos r1.jpg
102.02.10 16:28 B F:\HOME\STUDENT\aaa\Rome\RomePhotos\r10.jpg --> ms1.allencol.edu /home/jml1/public_html/RomePhotos r10.jpg
102.02.10 16:28 B F:\HOME\STUDENT\aaa\Rome\RomePhotos\r11.jpg --> ms1.allencol.edu /home/jml1/public_html/RomePhotos r11.jpg
102.02.10 16:28 B F:\HOME\STUDENT\aaa\Rome\RomePhotos\37.jpg --> ms1.allencol.edu /home/jml1/public_html/RomePhotos 37.jpg
102.02.10 16:28 B F:\HOME\STUDENT\aaa\Rome\RomePhotos\38.jpg --> ms1.allencol.edu /home/jml1/public_html/RomePhotos 38.jpg
102.02.10 16:28 B F:\HOME\STUDENT\aaa\Rome\RomePhotos\40.jpg --> ms1.allencol.edu /home/jml1/public_html/RomePhotos 40.jpg
102.02.10 16:28 B F:\HOME\STUDENT\aaa\Rome\RomePhotos\43.jpg --> ms1.allencol.edu /home/jml1/public_html/RomePhotos 43.jpg
102.02.10 16:28 B F:\HOME\STUDENT\aaa\Rome\RomePhotos\44.jpg --> ms1.allencol.edu /home/jml1/public_html/RomePhotos 44.jpg
102.02.10 16:28 B F:\HOME\STUDENT\aaa\Rome\RomePhotos\47.jpg --> ms1.allencol.edu /home/jml1/public_html/RomePhotos 47.jpg
102.02.10 16:28 B F:\HOME\STUDENT\aaa\Rome\RomePhotos\48.jpg --> ms1.allencol.edu /home/jml1/public_html/RomePhotos 48.jpg
102.02.10 16:28 B F:\HOME\STUDENT\aaa\Rome\RomePhotos\51.jpg --> ms1.allencol.edu /home/jml1/public_html/RomePhotos 51.jpg
102.02.10 16:28 B F:\HOME\STUDENT\aaa\Rome\RomePhotos\52.jpg --> ms1.allencol.edu /home/jml1/public_html/RomePhotos 52.jpg
102.02.10 16:28 B F:\HOME\STUDENT\aaa\Rome\RomePhotos\54.jpg --> ms1.allencol.edu /home/jml1/public_html/RomePhotos 54.jpg
102.02.10 17:06 B F:\HOME\STUDENT\aaa\Rome\RomePhotos\15.jpg --> ms1.allencol.edu /home/jml1/public_html/Rome 15.jpg
102.02.15 14:12 B C:\My Documents\Rome\RomePhotos\ws_ftp.log <-- ms1.allencol.edu /home/jml1/public_html/Rome/RomePhotos ws_ftp.log
102.02.15 16:16 B C:\My Documents\Rome\RomePhotos\15.jpg --> ms1.allencol.edu /home/jml1/public_html/Rome 15.jpg
102.02.15 16:16 B C:\My Documents\Rome\RomePhotos\17.jpg --> ms1.allencol.edu /home/jml1/public_html/Rome 17.jpg
102.02.15 16:16 B C:\My Documents\Rome\RomePhotos\18.jpg --> ms1.allencol.edu /home/jml1/public_html/Rome 18.jpg
102.02.15 16:16 B C:\My Documents\Rome\RomePhotos\22.jpg --> ms1.allencol.edu /home/jml1/public_html/Rome 22.jpg
102.02.15 16:16 B C:\My Documents\Rome\RomePhotos\28.jpg --> ms1.allencol.edu /home/jml1/public_html/Rome 28.jpg
102.02.15 16:16 B C:\My Documents\Rome\RomePhotos\30.jpg --> ms1.allencol.edu /home/jml1/public_html/Rome 30.jpg
102.02.15 16:16 B C:\My Documents\Rome\RomePhotos\32.jpg --> ms1.allencol.edu /home/jml1/public_html/Rome 32.jpg
102.02.15 16:16 B C:\My Documents\Rome\RomePhotos\33.jpg --> ms1.allencol.edu /home/jml1/public_html/Rome 33.jpg
102.02.15 16:16 B C:\My Documents\Rome\RomePhotos\34.jpg --> ms1.allencol.edu /home/jml1/public_html/Rome 34.jpg
102.02.15 16:16 B C:\My Documents\Rome\RomePhotos\35.jpg --> ms1.allencol.edu /home/jml1/public_html/Rome 35.jpg
102.02.15 16:16 B C:\My Documents\Rome\RomePhotos\37.jpg --> ms1.allencol.edu /home/jml1/public_html/Rome 37.jpg
102.02.15 16:16 B C:\My Documents\Rome\RomePhotos\38.jpg --> ms1.allencol.edu /home/jml1/public_html/Rome 38.jpg
102.02.15 16:16 B C:\My Documents\Rome\RomePhotos\40.jpg --> ms1.allencol.edu /home/jml1/public_html/Rome 40.jpg
102.02.15 16:16 B C:\My Documents\Rome\RomePhotos\43.jpg --> ms1.allencol.edu /home/jml1/public_html/Rome 43.jpg
102.02.15 16:16 B C:\My Documents\Rome\RomePhotos\44.jpg --> ms1.allencol.edu /home/jml1/public_html/Rome 44.jpg
102.02.15 16:16 B C:\My Documents\Rome\RomePhotos\47.jpg --> ms1.allencol.edu /home/jml1/public_html/Rome 47.jpg
102.02.15 16:16 B C:\My Documents\Rome\RomePhotos\48.jpg --> ms1.allencol.edu /home/jml1/public_html/Rome 48.jpg
102.02.15 16:16 B C:\My Documents\Rome\RomePhotos\51.jpg --> ms1.allencol.edu /home/jml1/public_html/Rome 51.jpg
102.02.15 16:16 B C:\My Documents\Rome\RomePhotos\52.jpg --> ms1.allencol.edu /home/jml1/public_html/Rome 52.jpg
102.02.15 16:16 B C:\My Documents\Rome\RomePhotos\54.jpg --> ms1.allencol.edu /home/jml1/public_html/Rome 54.jpg
102.02.15 16:16 B C:\My Documents\Rome\RomePhotos\56.jpg --> ms1.allencol.edu /home/jml1/public_html/Rome 56.jpg
102.02.15 16:16 B C:\My Documents\Rome\RomePhotos\58.jpg --> ms1.allencol.edu /home/jml1/public_html/Rome 58.jpg
102.02.15 16:16 B C:\My Documents\Rome\RomePhotos\60.jpg --> ms1.allencol.edu /home/jml1/public_html/Rome 60.jpg
102.02.15 16:16 B C:\My Documents\Rome\RomePhotos\60b.jpg --> ms1.allencol.edu /home/jml1/public_html/Rome 60b.jpg
102.02.15 16:16 B C:\My Documents\Rome\RomePhotos\61.jpg --> ms1.allencol.edu /home/jml1/public_html/Rome 61.jpg
102.02.15 16:16 B C:\My Documents\Rome\RomePhotos\l1.jpg --> ms1.allencol.edu /home/jml1/public_html/Rome l1.jpg
102.02.15 16:16 B C:\My Documents\Rome\RomePhotos\l2.jpg --> ms1.allencol.edu /home/jml1/public_html/Rome l2.jpg
102.02.15 16:16 B C:\My Documents\Rome\RomePhotos\l3.jpg --> ms1.allencol.edu /home/jml1/public_html/Rome l3.jpg
102.02.15 16:16 B C:\My Documents\Rome\RomePhotos\r1.jpg --> ms1.allencol.edu /home/jml1/public_html/Rome r1.jpg
102.02.15 16:16 B C:\My Documents\Rome\RomePhotos\r10.jpg --> ms1.allencol.edu /home/jml1/public_html/Rome r10.jpg
102.02.15 16:16 B C:\My Documents\Rome\RomePhotos\r11.jpg --> ms1.allencol.edu /home/jml1/public_html/Rome r11.jpg
102.02.15 16:16 B C:\My Documents\Rome\RomePhotos\r11s.jpg --> ms1.allencol.edu /home/jml1/public_html/Rome r11s.jpg
102.02.15 16:16 B C:\My Documents\Rome\RomePhotos\r12.jpg --> ms1.allencol.edu /home/jml1/public_html/Rome r12.jpg
102.02.15 16:16 B C:\My Documents\Rome\RomePhotos\r13.jpg --> ms1.allencol.edu /home/jml1/public_html/Rome r13.jpg
102.02.15 16:16 B C:\My Documents\Rome\RomePhotos\r14.jpg --> ms1.allencol.edu /home/jml1/public_html/Rome r14.jpg
102.02.15 16:16 B C:\My Documents\Rome\RomePhotos\r15.jpg --> ms1.allencol.edu /home/jml1/public_html/Rome r15.jpg
102.02.15 16:16 B C:\My Documents\Rome\RomePhotos\r16.jpg --> ms1.allencol.edu /home/jml1/public_html/Rome r16.jpg
102.02.15 16:16 B C:\My Documents\Rome\RomePhotos\r17.jpg --> ms1.allencol.edu /home/jml1/public_html/Rome r17.jpg
102.02.15 16:16 B C:\My Documents\Rome\RomePhotos\r18.jpg --> ms1.allencol.edu /home/jml1/public_html/Rome r18.jpg
102.02.15 16:16 B C:\My Documents\Rome\RomePhotos\r19.jpg --> ms1.allencol.edu /home/jml1/public_html/Rome r19.jpg
102.02.15 16:16 B C:\My Documents\Rome\RomePhotos\r2.jpg --> ms1.allencol.edu /home/jml1/public_html/Rome r2.jpg
102.02.15 16:16 B C:\My Documents\Rome\RomePhotos\r20.jpg --> ms1.allencol.edu /home/jml1/public_html/Rome r20.jpg
102.02.15 16:16 B C:\My Documents\Rome\RomePhotos\r21.jpg --> ms1.allencol.edu /home/jml1/public_html/Rome r21.jpg
102.02.15 16:16 B C:\My Documents\Rome\RomePhotos\r22.jpg --> ms1.allencol.edu /home/jml1/public_html/Rome r22.jpg
102.02.15 16:16 B C:\My Documents\Rome\RomePhotos\r23.jpg --> ms1.allencol.edu /home/jml1/public_html/Rome r23.jpg
102.02.15 16:16 B C:\My Documents\Rome\RomePhotos\r24.jpg --> ms1.allencol.edu /home/jml1/public_html/Rome r24.jpg
102.02.15 16:16 B C:\My Documents\Rome\RomePhotos\r25.jpg --> ms1.allencol.edu /home/jml1/public_html/Rome r25.jpg
102.02.15 16:16 B C:\My Documents\Rome\RomePhotos\r26.jpg --> ms1.allencol.edu /home/jml1/public_html/Rome r26.jpg
102.02.15 16:16 B C:\My Documents\Rome\RomePhotos\r27.jpg --> ms1.allencol.edu /home/jml1/public_html/Rome r27.jpg
102.02.15 16:16 B C:\My Documents\Rome\RomePhotos\r28.jpg --> ms1.allencol.edu /home/jml1/public_html/Rome r28.jpg
102.02.15 16:16 B C:\My Documents\Rome\RomePhotos\r29.jpg --> ms1.allencol.edu /home/jml1/public_html/Rome r29.jpg
102.02.15 16:16 B C:\My Documents\Rome\RomePhotos\r3.jpg --> ms1.allencol.edu /home/jml1/public_html/Rome r3.jpg
102.02.15 16:16 B C:\My Documents\Rome\RomePhotos\r30.jpg --> ms1.allencol.edu /home/jml1/public_html/Rome r30.jpg
102.02.15 16:16 B C:\My Documents\Rome\RomePhotos\r31.jpg --> ms1.allencol.edu /home/jml1/public_html/Rome r31.jpg
102.02.15 16:16 B C:\My Documents\Rome\RomePhotos\r32.jpg --> ms1.allencol.edu /home/jml1/public_html/Rome r32.jpg
102.02.15 16:16 B C:\My Documents\Rome\RomePhotos\r33.jpg --> ms1.allencol.edu /home/jml1/public_html/Rome r33.jpg
102.02.15 16:16 B C:\My Documents\Rome\RomePhotos\r34.jpg --> ms1.allencol.edu /home/jml1/public_html/Rome r34.jpg
102.02.15 16:16 B C:\My Documents\Rome\RomePhotos\r35.jpg --> ms1.allencol.edu /home/jml1/public_html/Rome r35.jpg
102.02.15 16:16 B C:\My Documents\Rome\RomePhotos\r36.jpg --> ms1.allencol.edu /home/jml1/public_html/Rome r36.jpg
102.02.15 16:16 B C:\My Documents\Rome\RomePhotos\r37.jpg --> ms1.allencol.edu /home/jml1/public_html/Rome r37.jpg
102.02.15 16:16 B C:\My Documents\Rome\RomePhotos\r4.jpg --> ms1.allencol.edu /home/jml1/public_html/Rome r4.jpg
102.02.15 16:16 B C:\My Documents\Rome\RomePhotos\r5.jpg --> ms1.allencol.edu /home/jml1/public_html/Rome r5.jpg
102.02.15 16:16 B C:\My Documents\Rome\RomePhotos\r6.jpg --> ms1.allencol.edu /home/jml1/public_html/Rome r6.jpg
102.02.15 16:16 B C:\My Documents\Rome\RomePhotos\r7.jpg --> ms1.allencol.edu /home/jml1/public_html/Rome r7.jpg
102.02.15 16:16 B C:\My Documents\Rome\RomePhotos\r8.jpg --> ms1.allencol.edu /home/jml1/public_html/Rome r8.jpg
102.02.15 16:16 B C:\My Documents\Rome\RomePhotos\r9.jpg --> ms1.allencol.edu /home/jml1/public_html/Rome r9.jpg
102.02.15 16:16 B C:\My Documents\Rome\RomePhotos\s15.jpg --> ms1.allencol.edu /home/jml1/public_html/Rome s15.jpg
102.02.15 16:16 B C:\My Documents\Rome\RomePhotos\s17.jpg --> ms1.allencol.edu /home/jml1/public_html/Rome s17.jpg
102.02.15 16:16 B C:\My Documents\Rome\RomePhotos\s32.jpg --> ms1.allencol.edu /home/jml1/public_html/Rome s32.jpg
102.02.15 16:16 B C:\My Documents\Rome\RomePhotos\s38.jpg --> ms1.allencol.edu /home/jml1/public_html/Rome s38.jpg
102.02.15 16:16 B C:\My Documents\Rome\RomePhotos\s43.jpg --> ms1.allencol.edu /home/jml1/public_html/Rome s43.jpg
102.02.15 16:16 B C:\My Documents\Rome\RomePhotos\s47.jpg --> ms1.allencol.edu /home/jml1/public_html/Rome s47.jpg
102.02.15 16:16 B C:\My Documents\Rome\RomePhotos\s52.jpg --> ms1.allencol.edu /home/jml1/public_html/Rome s52.jpg
102.02.15 16:16 B C:\My Documents\Rome\RomePhotos\s56.jpg --> ms1.allencol.edu /home/jml1/public_html/Rome s56.jpg
102.02.15 16:16 B C:\My Documents\Rome\RomePhotos\sr15.jpg --> ms1.allencol.edu /home/jml1/public_html/Rome sr15.jpg
102.02.15 16:16 B C:\My Documents\Rome\RomePhotos\sr16.jpg --> ms1.allencol.edu /home/jml1/public_html/Rome sr16.jpg
102.02.15 16:16 B C:\My Documents\Rome\RomePhotos\sr17.jpg --> ms1.allencol.edu /home/jml1/public_html/Rome sr17.jpg
102.02.15 16:16 B C:\My Documents\Rome\RomePhotos\sr18.jpg --> ms1.allencol.edu /home/jml1/public_html/Rome sr18.jpg
102.02.15 16:16 B C:\My Documents\Rome\RomePhotos\sr2.jpg --> ms1.allencol.edu /home/jml1/public_html/Rome sr2.jpg
102.02.15 16:16 B C:\My Documents\Rome\RomePhotos\sr21.jpg --> ms1.allencol.edu /home/jml1/public_html/Rome sr21.jpg
102.02.15 16:16 B C:\My Documents\Rome\RomePhotos\sr27.jpg --> ms1.allencol.edu /home/jml1/public_html/Rome sr27.jpg
102.02.15 16:16 B C:\My Documents\Rome\RomePhotos\sr28.jpg --> ms1.allencol.edu /home/jml1/public_html/Rome sr28.jpg
102.02.15 16:16 B C:\My Documents\Rome\RomePhotos\ws_ftp.log --> ms1.allencol.edu /home/jml1/public_html/Rome ws_ftp.log
102.02.15 16:16 B C:\My Documents\Rome\RomePhotos\b43.jpg --> ms1.allencol.edu /home/jml1/public_html/Rome b43.jpg
102.02.15 16:16 B C:\My Documents\Rome\RomePhotos\b31.jpg --> ms1.allencol.edu /home/jml1/public_html/Rome b31.jpg
102.02.15 16:16 B C:\My Documents\Rome\RomePhotos\b24.jpg --> ms1.allencol.edu /home/jml1/public_html/Rome b24.jpg
102.02.15 16:16 B C:\My Documents\Rome\RomePhotos\b32.jpg --> ms1.allencol.edu /home/jml1/public_html/Rome b32.jpg
102.02.15 16:16 B C:\My Documents\Rome\RomePhotos\b14.jpg --> ms1.allencol.edu /home/jml1/public_html/Rome b14.jpg
102.02.15 16:16 B C:\My Documents\Rome\RomePhotos\b16.jpg --> ms1.allencol.edu /home/jml1/public_html/Rome b16.jpg
102.02.15 16:16 B C:\My Documents\Rome\RomePhotos\b15.jpg --> ms1.allencol.edu /home/jml1/public_html/Rome b15.jpg
102.02.15 16:16 B C:\My Documents\Rome\RomePhotos\b17.jpg --> ms1.allencol.edu /home/jml1/public_html/Rome b17.jpg
102.02.15 16:16 B C:\My Documents\Rome\RomePhotos\s18.jpg --> ms1.allencol.edu /home/jml1/public_html/Rome s18.jpg
102.02.15 16:16 B C:\My Documents\Rome\RomePhotos\b22.jpg --> ms1.allencol.edu /home/jml1/public_html/Rome b22.jpg
102.02.15 16:16 B C:\My Documents\Rome\RomePhotos\b28.jpg --> ms1.allencol.edu /home/jml1/public_html/Rome b28.jpg
102.02.15 16:16 B C:\My Documents\Rome\RomePhotos\b30.jpg --> ms1.allencol.edu /home/jml1/public_html/Rome b30.jpg
102.02.15 16:16 B C:\My Documents\Rome\RomePhotos\b35.jpg --> ms1.allencol.edu /home/jml1/public_html/Rome b35.jpg
102.02.15 16:16 B C:\My Documents\Rome\RomePhotos\b40.jpg --> ms1.allencol.edu /home/jml1/public_html/Rome b40.jpg
102.02.15 16:16 B C:\My Documents\Rome\RomePhotos\b8.jpg --> ms1.allencol.edu /home/jml1/public_html/Rome b8.jpg
102.02.15 16:16 B C:\My Documents\Rome\RomePhotos\b11.jpg --> ms1.allencol.edu /home/jml1/public_html/Rome b11.jpg
102.02.15 16:16 B C:\My Documents\Rome\RomePhotos\b13.jpg --> ms1.allencol.edu /home/jml1/public_html/Rome b13.jpg
102.02.15 16:16 B C:\My Documents\Rome\RomePhotos\b60.jpg --> ms1.allencol.edu /home/jml1/public_html/Rome b60.jpg
102.02.15 16:19 B C:\My Documents\Rome\RomePhotos\15.jpg --> ms1.allencol.edu /home/jml1/public_html/Rome 15.jpg
102.02.15 16:19 B C:\My Documents\Rome\RomePhotos\17.jpg --> ms1.allencol.edu /home/jml1/public_html/Rome 17.jpg
102.02.15 16:19 B C:\My Documents\Rome\RomePhotos\18.jpg --> ms1.allencol.edu /home/jml1/public_html/Rome 18.jpg
102.02.15 16:19 B C:\My Documents\Rome\RomePhotos\22.jpg --> ms1.allencol.edu /home/jml1/public_html/Rome 22.jpg
102.02.15 16:19 B C:\My Documents\Rome\RomePhotos\28.jpg --> ms1.allencol.edu /home/jml1/public_html/Rome 28.jpg
102.02.15 16:19 B C:\My Documents\Rome\RomePhotos\30.jpg --> ms1.allencol.edu /home/jml1/public_html/Rome 30.jpg
102.02.15 16:19 B C:\My Documents\Rome\RomePhotos\32.jpg --> ms1.allencol.edu /home/jml1/public_html/Rome 32.jpg
102.02.15 16:19 B C:\My Documents\Rome\RomePhotos\33.jpg --> ms1.allencol.edu /home/jml1/public_html/Rome 33.jpg
102.02.15 16:19 B C:\My Documents\Rome\RomePhotos\34.jpg --> ms1.allencol.edu /home/jml1/public_html/Rome 34.jpg
102.02.15 16:19 B C:\My Documents\Rome\RomePhotos\35.jpg --> ms1.allencol.edu /home/jml1/public_html/Rome 35.jpg
102.02.15 16:19 B C:\My Documents\Rome\RomePhotos\37.jpg --> ms1.allencol.edu /home/jml1/public_html/Rome 37.jpg
102.02.15 16:19 B C:\My Documents\Rome\RomePhotos\38.jpg --> ms1.allencol.edu /home/jml1/public_html/Rome 38.jpg
102.02.15 16:19 B C:\My Documents\Rome\RomePhotos\40.jpg --> ms1.allencol.edu /home/jml1/public_html/Rome 40.jpg
102.02.15 16:19 B C:\My Documents\Rome\RomePhotos\43.jpg --> ms1.allencol.edu /home/jml1/public_html/Rome 43.jpg
102.02.15 16:19 B C:\My Documents\Rome\RomePhotos\44.jpg --> ms1.allencol.edu /home/jml1/public_html/Rome 44.jpg
102.02.15 16:19 B C:\My Documents\Rome\RomePhotos\47.jpg --> ms1.allencol.edu /home/jml1/public_html/Rome 47.jpg
102.02.15 16:19 B C:\My Documents\Rome\RomePhotos\48.jpg --> ms1.allencol.edu /home/jml1/public_html/Rome 48.jpg
102.02.15 16:19 B C:\My Documents\Rome\RomePhotos\51.jpg --> ms1.allencol.edu /home/jml1/public_html/Rome 51.jpg
102.02.15 16:19 B C:\My Documents\Rome\RomePhotos\52.jpg --> ms1.allencol.edu /home/jml1/public_html/Rome 52.jpg
102.02.15 16:19 B C:\My Documents\Rome\RomePhotos\54.jpg --> ms1.allencol.edu /home/jml1/public_html/Rome 54.jpg
102.02.15 16:19 B C:\My Documents\Rome\RomePhotos\56.jpg --> ms1.allencol.edu /home/jml1/public_html/Rome 56.jpg
102.02.15 16:19 B C:\My Documents\Rome\RomePhotos\58.jpg --> ms1.allencol.edu /home/jml1/public_html/Rome 58.jpg
102.02.15 16:19 B C:\My Documents\Rome\RomePhotos\60.jpg --> ms1.allencol.edu /home/jml1/public_html/Rome 60.jpg
102.02.15 16:19 B C:\My Documents\Rome\RomePhotos\60b.jpg --> ms1.allencol.edu /home/jml1/public_html/Rome 60b.jpg
102.02.15 16:19 B C:\My Documents\Rome\RomePhotos\61.jpg --> ms1.allencol.edu /home/jml1/public_html/Rome 61.jpg
102.02.15 16:19 B C:\My Documents\Rome\RomePhotos\l1.jpg --> ms1.allencol.edu /home/jml1/public_html/Rome l1.jpg
102.02.15 16:19 B C:\My Documents\Rome\RomePhotos\l2.jpg --> ms1.allencol.edu /home/jml1/public_html/Rome l2.jpg
102.02.15 16:19 B C:\My Documents\Rome\RomePhotos\l3.jpg --> ms1.allencol.edu /home/jml1/public_html/Rome l3.jpg
102.02.15 16:19 B C:\My Documents\Rome\RomePhotos\r1.jpg --> ms1.allencol.edu /home/jml1/public_html/Rome r1.jpg
102.02.15 16:19 B C:\My Documents\Rome\RomePhotos\r10.jpg --> ms1.allencol.edu /home/jml1/public_html/Rome r10.jpg
102.02.15 16:19 B C:\My Documents\Rome\RomePhotos\r11.jpg --> ms1.allencol.edu /home/jml1/public_html/Rome r11.jpg
102.02.15 16:19 B C:\My Documents\Rome\RomePhotos\r11s.jpg --> ms1.allencol.edu /home/jml1/public_html/Rome r11s.jpg
102.02.15 16:19 B C:\My Documents\Rome\RomePhotos\r12.jpg --> ms1.allencol.edu /home/jml1/public_html/Rome r12.jpg
102.02.15 16:19 B C:\My Documents\Rome\RomePhotos\r13.jpg --> ms1.allencol.edu /home/jml1/public_html/Rome r13.jpg
102.02.15 16:19 B C:\My Documents\Rome\RomePhotos\r14.jpg --> ms1.allencol.edu /home/jml1/public_html/Rome r14.jpg
102.02.15 16:19 B C:\My Documents\Rome\RomePhotos\r15.jpg --> ms1.allencol.edu /home/jml1/public_html/Rome r15.jpg
102.02.15 16:19 B C:\My Documents\Rome\RomePhotos\r16.jpg --> ms1.allencol.edu /home/jml1/public_html/Rome r16.jpg
102.02.15 16:19 B C:\My Documents\Rome\RomePhotos\r17.jpg --> ms1.allencol.edu /home/jml1/public_html/Rome r17.jpg
102.02.15 16:19 B C:\My Documents\Rome\RomePhotos\r18.jpg --> ms1.allencol.edu /home/jml1/public_html/Rome r18.jpg
102.02.15 16:19 B C:\My Documents\Rome\RomePhotos\r19.jpg --> ms1.allencol.edu /home/jml1/public_html/Rome r19.jpg
102.02.15 16:19 B C:\My Documents\Rome\RomePhotos\r2.jpg --> ms1.allencol.edu /home/jml1/public_html/Rome r2.jpg
102.02.15 16:19 B C:\My Documents\Rome\RomePhotos\r20.jpg --> ms1.allencol.edu /home/jml1/public_html/Rome r20.jpg
102.02.15 16:19 B C:\My Documents\Rome\RomePhotos\r21.jpg --> ms1.allencol.edu /home/jml1/public_html/Rome r21.jpg
102.02.15 16:19 B C:\My Documents\Rome\RomePhotos\r22.jpg --> ms1.allencol.edu /home/jml1/public_html/Rome r22.jpg
102.02.15 16:19 B C:\My Documents\Rome\RomePhotos\r23.jpg --> ms1.allencol.edu /home/jml1/public_html/Rome r23.jpg
102.02.15 16:19 B C:\My Documents\Rome\RomePhotos\r24.jpg --> ms1.allencol.edu /home/jml1/public_html/Rome r24.jpg
102.02.15 16:19 B C:\My Documents\Rome\RomePhotos\r25.jpg --> ms1.allencol.edu /home/jml1/public_html/Rome r25.jpg
102.02.15 16:19 B C:\My Documents\Rome\RomePhotos\r26.jpg --> ms1.allencol.edu /home/jml1/public_html/Rome r26.jpg
102.02.15 16:19 B C:\My Documents\Rome\RomePhotos\r27.jpg --> ms1.allencol.edu /home/jml1/public_html/Rome r27.jpg
102.02.15 16:19 B C:\My Documents\Rome\RomePhotos\r28.jpg --> ms1.allencol.edu /home/jml1/public_html/Rome r28.jpg
102.02.15 16:19 B C:\My Documents\Rome\RomePhotos\r29.jpg --> ms1.allencol.edu /home/jml1/public_html/Rome r29.jpg
102.02.15 16:19 B C:\My Documents\Rome\RomePhotos\r3.jpg --> ms1.allencol.edu /home/jml1/public_html/Rome r3.jpg
102.02.15 16:19 B C:\My Documents\Rome\RomePhotos\r30.jpg --> ms1.allencol.edu /home/jml1/public_html/Rome r30.jpg
102.02.15 16:19 B C:\My Documents\Rome\RomePhotos\r31.jpg --> ms1.allencol.edu /home/jml1/public_html/Rome r31.jpg
102.02.15 16:19 B C:\My Documents\Rome\RomePhotos\r32.jpg --> ms1.allencol.edu /home/jml1/public_html/Rome r32.jpg
102.02.15 16:19 B C:\My Documents\Rome\RomePhotos\r33.jpg --> ms1.allencol.edu /home/jml1/public_html/Rome r33.jpg
102.02.15 16:19 B C:\My Documents\Rome\RomePhotos\r34.jpg --> ms1.allencol.edu /home/jml1/public_html/Rome r34.jpg
102.02.15 16:19 B C:\My Documents\Rome\RomePhotos\r35.jpg --> ms1.allencol.edu /home/jml1/public_html/Rome r35.jpg
102.02.15 16:19 B C:\My Documents\Rome\RomePhotos\r36.jpg --> ms1.allencol.edu /home/jml1/public_html/Rome r36.jpg
102.02.15 16:19 B C:\My Documents\Rome\RomePhotos\r37.jpg --> ms1.allencol.edu /home/jml1/public_html/Rome r37.jpg
102.02.15 16:19 B C:\My Documents\Rome\RomePhotos\r4.jpg --> ms1.allencol.edu /home/jml1/public_html/Rome r4.jpg
102.02.15 16:19 B C:\My Documents\Rome\RomePhotos\r5.jpg --> ms1.allencol.edu /home/jml1/public_html/Rome r5.jpg
102.02.15 16:19 B C:\My Documents\Rome\RomePhotos\r6.jpg --> ms1.allencol.edu /home/jml1/public_html/Rome r6.jpg
102.02.15 16:19 B C:\My Documents\Rome\RomePhotos\r7.jpg --> ms1.allencol.edu /home/jml1/public_html/Rome r7.jpg
102.02.15 16:19 B C:\My Documents\Rome\RomePhotos\r8.jpg --> ms1.allencol.edu /home/jml1/public_html/Rome r8.jpg
102.02.15 16:19 B C:\My Documents\Rome\RomePhotos\r9.jpg --> ms1.allencol.edu /home/jml1/public_html/Rome r9.jpg
102.02.15 16:19 B C:\My Documents\Rome\RomePhotos\s15.jpg --> ms1.allencol.edu /home/jml1/public_html/Rome s15.jpg
102.02.15 16:19 B C:\My Documents\Rome\RomePhotos\s17.jpg --> ms1.allencol.edu /home/jml1/public_html/Rome s17.jpg
102.02.15 16:19 B C:\My Documents\Rome\RomePhotos\s32.jpg --> ms1.allencol.edu /home/jml1/public_html/Rome s32.jpg
102.02.15 16:19 B C:\My Documents\Rome\RomePhotos\s38.jpg --> ms1.allencol.edu /home/jml1/public_html/Rome s38.jpg
102.02.15 16:19 B C:\My Documents\Rome\RomePhotos\s43.jpg --> ms1.allencol.edu /home/jml1/public_html/Rome s43.jpg
102.02.15 16:19 B C:\My Documents\Rome\RomePhotos\s47.jpg --> ms1.allencol.edu /home/jml1/public_html/Rome s47.jpg
102.02.15 16:19 B C:\My Documents\Rome\RomePhotos\s52.jpg --> ms1.allencol.edu /home/jml1/public_html/Rome s52.jpg
102.02.15 16:19 B C:\My Documents\Rome\RomePhotos\s56.jpg --> ms1.allencol.edu /home/jml1/public_html/Rome s56.jpg
102.02.15 16:19 B C:\My Documents\Rome\RomePhotos\sr15.jpg --> ms1.allencol.edu /home/jml1/public_html/Rome sr15.jpg
102.02.15 16:19 B C:\My Documents\Rome\RomePhotos\sr16.jpg --> ms1.allencol.edu /home/jml1/public_html/Rome sr16.jpg
102.02.15 16:19 B C:\My Documents\Rome\RomePhotos\sr17.jpg --> ms1.allencol.edu /home/jml1/public_html/Rome sr17.jpg
102.02.15 16:19 B C:\My Documents\Rome\RomePhotos\sr18.jpg --> ms1.allencol.edu /home/jml1/public_html/Rome sr18.jpg
102.02.15 16:19 B C:\My Documents\Rome\RomePhotos\sr2.jpg --> ms1.allencol.edu /home/jml1/public_html/Rome sr2.jpg
102.02.15 16:19 B C:\My Documents\Rome\RomePhotos\sr21.jpg --> ms1.allencol.edu /home/jml1/public_html/Rome sr21.jpg
102.02.15 16:19 B C:\My Documents\Rome\RomePhotos\sr27.jpg --> ms1.allencol.edu /home/jml1/public_html/Rome sr27.jpg
102.02.15 16:19 B C:\My Documents\Rome\RomePhotos\sr28.jpg --> ms1.allencol.edu /home/jml1/public_html/Rome sr28.jpg
102.05.08 10:55 B C:\My Documents\Rome\RomePhotos\ws_ftp.log <-- ms1.allencol.edu /home/jml1/public_html/Rome/RomePhotos ws_ftp.log
102.05.08 11:04 B C:\My Documents\Rome\RomePhotos\01.jpg --> lawruk.com /Rome/RomePhotos 01.jpg
102.05.08 11:04 B C:\My Documents\Rome\RomePhotos\15.jpg --> lawruk.com /Rome/RomePhotos 15.jpg
102.05.08 11:04 B C:\My Documents\Rome\RomePhotos\17.jpg --> lawruk.com /Rome/RomePhotos 17.jpg
102.05.08 11:04 B C:\My Documents\Rome\RomePhotos\18.jpg --> lawruk.com /Rome/RomePhotos 18.jpg
102.05.08 11:04 B C:\My Documents\Rome\RomePhotos\21.jpg --> lawruk.com /Rome/RomePhotos 21.jpg
102.05.08 11:04 B C:\My Documents\Rome\RomePhotos\22.jpg --> lawruk.com /Rome/RomePhotos 22.jpg
102.05.08 11:04 B C:\My Documents\Rome\RomePhotos\24.jpg --> lawruk.com /Rome/RomePhotos 24.jpg
102.05.08 11:04 B C:\My Documents\Rome\RomePhotos\28.jpg --> lawruk.com /Rome/RomePhotos 28.jpg
102.05.08 11:04 B C:\My Documents\Rome\RomePhotos\31.jpg --> lawruk.com /Rome/RomePhotos 31.jpg
102.05.08 11:04 B C:\My Documents\Rome\RomePhotos\32.jpg --> lawruk.com /Rome/RomePhotos 32.jpg
102.05.08 11:04 B C:\My Documents\Rome\RomePhotos\35.jpg --> lawruk.com /Rome/RomePhotos 35.jpg
102.05.08 11:04 B C:\My Documents\Rome\RomePhotos\37.jpg --> lawruk.com /Rome/RomePhotos 37.jpg
102.05.08 11:04 B C:\My Documents\Rome\RomePhotos\38.jpg --> lawruk.com /Rome/RomePhotos 38.jpg
102.05.08 11:04 B C:\My Documents\Rome\RomePhotos\40.jpg --> lawruk.com /Rome/RomePhotos 40.jpg
102.05.08 11:04 B C:\My Documents\Rome\RomePhotos\43.jpg --> lawruk.com /Rome/RomePhotos 43.jpg
102.05.08 11:04 B C:\My Documents\Rome\RomePhotos\47.jpg --> lawruk.com /Rome/RomePhotos 47.jpg
102.05.08 11:04 B C:\My Documents\Rome\RomePhotos\48.jpg --> lawruk.com /Rome/RomePhotos 48.jpg
102.05.08 11:04 B C:\My Documents\Rome\RomePhotos\52.jpg --> lawruk.com /Rome/RomePhotos 52.jpg
102.05.08 11:04 B C:\My Documents\Rome\RomePhotos\55.jpg --> lawruk.com /Rome/RomePhotos 55.jpg
102.05.08 11:04 B C:\My Documents\Rome\RomePhotos\57.jpg --> lawruk.com /Rome/RomePhotos 57.jpg
102.05.08 11:04 B C:\My Documents\Rome\RomePhotos\58.jpg --> lawruk.com /Rome/RomePhotos 58.jpg
102.05.08 11:04 B C:\My Documents\Rome\RomePhotos\60b.jpg --> lawruk.com /Rome/RomePhotos 60b.jpg
102.05.08 11:04 B C:\My Documents\Rome\RomePhotos\61.jpg --> lawruk.com /Rome/RomePhotos 61.jpg
102.05.08 11:04 B C:\My Documents\Rome\RomePhotos\a1.jpg --> lawruk.com /Rome/RomePhotos a1.jpg
102.05.08 11:04 B C:\My Documents\Rome\RomePhotos\a2.jpg --> lawruk.com /Rome/RomePhotos a2.jpg
102.05.08 11:04 B C:\My Documents\Rome\RomePhotos\a3.jpg --> lawruk.com /Rome/RomePhotos a3.jpg
102.05.08 11:05 B C:\My Documents\Rome\RomePhotos\a4.jpg --> lawruk.com /Rome/RomePhotos a4.jpg
102.05.08 11:05 B C:\My Documents\Rome\RomePhotos\a5.jpg --> lawruk.com /Rome/RomePhotos a5.jpg
102.05.08 11:05 B C:\My Documents\Rome\RomePhotos\a6.jpg --> lawruk.com /Rome/RomePhotos a6.jpg
102.05.08 11:05 B C:\My Documents\Rome\RomePhotos\b14.jpg --> lawruk.com /Rome/RomePhotos b14.jpg
102.05.08 11:05 B C:\My Documents\Rome\RomePhotos\b15.jpg --> lawruk.com /Rome/RomePhotos b15.jpg
102.05.08 11:05 B C:\My Documents\Rome\RomePhotos\b16.jpg --> lawruk.com /Rome/RomePhotos b16.jpg
102.05.08 11:05 B C:\My Documents\Rome\RomePhotos\b17.jpg --> lawruk.com /Rome/RomePhotos b17.jpg
102.05.08 11:05 B C:\My Documents\Rome\RomePhotos\b30.jpg --> lawruk.com /Rome/RomePhotos b30.jpg
102.05.08 11:05 B C:\My Documents\Rome\RomePhotos\b32.jpg --> lawruk.com /Rome/RomePhotos b32.jpg
102.05.08 11:05 B C:\My Documents\Rome\RomePhotos\b40.jpg --> lawruk.com /Rome/RomePhotos b40.jpg
102.05.08 11:05 B C:\My Documents\Rome\RomePhotos\b52.jpg --> lawruk.com /Rome/RomePhotos b52.jpg
102.05.08 11:05 B C:\My Documents\Rome\RomePhotos\b60.jpg --> lawruk.com /Rome/RomePhotos b60.jpg
102.05.08 11:05 B C:\My Documents\Rome\RomePhotos\c1.jpg --> lawruk.com /Rome/RomePhotos c1.jpg
102.05.08 11:05 B C:\My Documents\Rome\RomePhotos\c3.jpg --> lawruk.com /Rome/RomePhotos c3.jpg
102.05.08 11:05 B C:\My Documents\Rome\RomePhotos\dd1.jpg --> lawruk.com /Rome/RomePhotos dd1.jpg
102.05.08 11:05 B C:\My Documents\Rome\RomePhotos\dd2.jpg --> lawruk.com /Rome/RomePhotos dd2.jpg
102.05.08 11:05 B C:\My Documents\Rome\RomePhotos\dd3.jpg --> lawruk.com /Rome/RomePhotos dd3.jpg
102.05.08 11:05 B C:\My Documents\Rome\RomePhotos\dd4.jpg --> lawruk.com /Rome/RomePhotos dd4.jpg
102.05.08 11:06 B C:\My Documents\Rome\RomePhotos\dd5.jpg --> lawruk.com /Rome/RomePhotos dd5.jpg
102.05.08 11:06 B C:\My Documents\Rome\RomePhotos\l1.jpg --> lawruk.com /Rome/RomePhotos l1.jpg
102.05.08 11:06 B C:\My Documents\Rome\RomePhotos\l2.jpg --> lawruk.com /Rome/RomePhotos l2.jpg
102.05.08 11:06 B C:\My Documents\Rome\RomePhotos\l3.jpg --> lawruk.com /Rome/RomePhotos l3.jpg
102.05.08 11:06 B C:\My Documents\Rome\RomePhotos\m10.jpg --> lawruk.com /Rome/RomePhotos m10.jpg
102.05.08 11:06 B C:\My Documents\Rome\RomePhotos\m11.jpg --> lawruk.com /Rome/RomePhotos m11.jpg
102.05.08 11:06 B C:\My Documents\Rome\RomePhotos\m12.jpg --> lawruk.com /Rome/RomePhotos m12.jpg
102.05.08 11:06 B C:\My Documents\Rome\RomePhotos\m13.jpg --> lawruk.com /Rome/RomePhotos m13.jpg
102.05.08 11:06 B C:\My Documents\Rome\RomePhotos\m2.jpg --> lawruk.com /Rome/RomePhotos m2.jpg
102.05.08 11:06 B C:\My Documents\Rome\RomePhotos\m3.jpg --> lawruk.com /Rome/RomePhotos m3.jpg
102.05.08 11:06 B C:\My Documents\Rome\RomePhotos\m4.jpg --> lawruk.com /Rome/RomePhotos m4.jpg
102.05.08 11:06 B C:\My Documents\Rome\RomePhotos\m7.jpg --> lawruk.com /Rome/RomePhotos m7.jpg
102.05.08 11:06 B C:\My Documents\Rome\RomePhotos\m8.jpg --> lawruk.com /Rome/RomePhotos m8.jpg
102.05.08 11:06 B C:\My Documents\Rome\RomePhotos\m9.jpg --> lawruk.com /Rome/RomePhotos m9.jpg
102.05.08 11:06 B C:\My Documents\Rome\RomePhotos\od4.jpg --> lawruk.com /Rome/RomePhotos od4.jpg
102.05.08 11:06 B C:\My Documents\Rome\RomePhotos\od5.jpg --> lawruk.com /Rome/RomePhotos od5.jpg
102.05.08 11:06 B C:\My Documents\Rome\RomePhotos\od6.jpg --> lawruk.com /Rome/RomePhotos od6.jpg
102.05.08 11:06 B C:\My Documents\Rome\RomePhotos\r10.jpg --> lawruk.com /Rome/RomePhotos r10.jpg
102.05.08 11:06 B C:\My Documents\Rome\RomePhotos\r11.jpg --> lawruk.com /Rome/RomePhotos r11.jpg
102.05.08 11:06 B C:\My Documents\Rome\RomePhotos\r11s.jpg --> lawruk.com /Rome/RomePhotos r11s.jpg
102.05.08 11:06 B C:\My Documents\Rome\RomePhotos\r13.jpg --> lawruk.com /Rome/RomePhotos r13.jpg
102.05.08 11:06 B C:\My Documents\Rome\RomePhotos\r19.jpg --> lawruk.com /Rome/RomePhotos r19.jpg
102.05.08 11:06 B C:\My Documents\Rome\RomePhotos\r20.jpg --> lawruk.com /Rome/RomePhotos r20.jpg
102.05.08 11:06 B C:\My Documents\Rome\RomePhotos\r21.jpg --> lawruk.com /Rome/RomePhotos r21.jpg
102.05.08 11:06 B C:\My Documents\Rome\RomePhotos\r23.jpg --> lawruk.com /Rome/RomePhotos r23.jpg
102.05.08 11:06 B C:\My Documents\Rome\RomePhotos\r25.jpg --> lawruk.com /Rome/RomePhotos r25.jpg
102.05.08 11:06 B C:\My Documents\Rome\RomePhotos\r26.jpg --> lawruk.com /Rome/RomePhotos r26.jpg
102.05.08 11:06 B C:\My Documents\Rome\RomePhotos\r27.jpg --> lawruk.com /Rome/RomePhotos r27.jpg
102.05.08 11:07 B C:\My Documents\Rome\RomePhotos\r28.jpg --> lawruk.com /Rome/RomePhotos r28.jpg
102.05.08 11:07 B C:\My Documents\Rome\RomePhotos\r29.jpg --> lawruk.com /Rome/RomePhotos r29.jpg
102.05.08 11:07 B C:\My Documents\Rome\RomePhotos\r3.jpg --> lawruk.com /Rome/RomePhotos r3.jpg
102.05.08 11:07 B C:\My Documents\Rome\RomePhotos\r30.jpg --> lawruk.com /Rome/RomePhotos r30.jpg
102.05.08 11:07 B C:\My Documents\Rome\RomePhotos\r32.jpg --> lawruk.com /Rome/RomePhotos r32.jpg
102.05.08 11:07 B C:\My Documents\Rome\RomePhotos\r33.jpg --> lawruk.com /Rome/RomePhotos r33.jpg
102.05.08 11:07 B C:\My Documents\Rome\RomePhotos\r34.jpg --> lawruk.com /Rome/RomePhotos r34.jpg
102.05.08 11:07 B C:\My Documents\Rome\RomePhotos\r35.jpg --> lawruk.com /Rome/RomePhotos r35.jpg
102.05.08 11:07 B C:\My Documents\Rome\RomePhotos\r36.jpg --> lawruk.com /Rome/RomePhotos r36.jpg
102.05.08 11:07 B C:\My Documents\Rome\RomePhotos\r37.jpg --> lawruk.com /Rome/RomePhotos r37.jpg
102.05.08 11:07 B C:\My Documents\Rome\RomePhotos\r4.jpg --> lawruk.com /Rome/RomePhotos r4.jpg
102.05.08 11:07 B C:\My Documents\Rome\RomePhotos\s15.jpg --> lawruk.com /Rome/RomePhotos s15.jpg
102.05.08 11:07 B C:\My Documents\Rome\RomePhotos\s17.jpg --> lawruk.com /Rome/RomePhotos s17.jpg
102.05.08 11:07 B C:\My Documents\Rome\RomePhotos\s18.jpg --> lawruk.com /Rome/RomePhotos s18.jpg
102.05.08 11:07 B C:\My Documents\Rome\RomePhotos\s32.jpg --> lawruk.com /Rome/RomePhotos s32.jpg
102.05.08 11:07 B C:\My Documents\Rome\RomePhotos\s38.jpg --> lawruk.com /Rome/RomePhotos s38.jpg
102.05.08 11:07 B C:\My Documents\Rome\RomePhotos\s43.jpg --> lawruk.com /Rome/RomePhotos s43.jpg
102.05.08 11:07 B C:\My Documents\Rome\RomePhotos\s47.jpg --> lawruk.com /Rome/RomePhotos s47.jpg
102.05.08 11:07 B C:\My Documents\Rome\RomePhotos\s52.jpg --> lawruk.com /Rome/RomePhotos s52.jpg
102.05.08 11:07 B C:\My Documents\Rome\RomePhotos\sm11.jpg --> lawruk.com /Rome/RomePhotos sm11.jpg
102.05.08 11:07 B C:\My Documents\Rome\RomePhotos\sr15.jpg --> lawruk.com /Rome/RomePhotos sr15.jpg
102.05.08 11:07 B C:\My Documents\Rome\RomePhotos\sr16.jpg --> lawruk.com /Rome/RomePhotos sr16.jpg
102.05.08 11:07 B C:\My Documents\Rome\RomePhotos\sr17.jpg --> lawruk.com /Rome/RomePhotos sr17.jpg
102.05.08 11:07 B C:\My Documents\Rome\RomePhotos\sr18.jpg --> lawruk.com /Rome/RomePhotos sr18.jpg
102.05.08 11:07 B C:\My Documents\Rome\RomePhotos\sr21.jpg --> lawruk.com /Rome/RomePhotos sr21.jpg
102.05.08 11:07 B C:\My Documents\Rome\RomePhotos\sr27.jpg --> lawruk.com /Rome/RomePhotos sr27.jpg
102.05.08 11:07 B C:\My Documents\Rome\RomePhotos\sr28.jpg --> lawruk.com /Rome/RomePhotos sr28.jpg
102.05.08 11:07 B C:\My Documents\Rome\RomePhotos\v1.jpg --> lawruk.com /Rome/RomePhotos v1.jpg
102.05.08 11:07 B C:\My Documents\Rome\RomePhotos\v2.jpg --> lawruk.com /Rome/RomePhotos v2.jpg
102.05.08 11:07 B C:\My Documents\Rome\RomePhotos\v3.jpg --> lawruk.com /Rome/RomePhotos v3.jpg
102.05.08 11:07 B C:\My Documents\Rome\RomePhotos\v4.jpg --> lawruk.com /Rome/RomePhotos v4.jpg
102.05.08 11:07 B C:\My Documents\Rome\RomePhotos\v5.jpg --> lawruk.com /Rome/RomePhotos v5.jpg
2002.09.03 16:00 B C:\Inetpub\wwwroot\backup\Rome\RomePhotos\ws_ftp.log <-- lawruk.com /Rome/RomePhotos ws_ftp.log
2003.01.23 10:28 B C:\Inetpub\wwwroot\Rome\RomePhotos\01.jpg --> lawruk.com /jlawruk/wwwroot/Rome/RomePhotos 01.jpg
2003.01.23 10:28 B C:\Inetpub\wwwroot\Rome\RomePhotos\15.jpg --> lawruk.com /jlawruk/wwwroot/Rome/RomePhotos 15.jpg
2003.01.23 10:28 B C:\Inetpub\wwwroot\Rome\RomePhotos\17.jpg --> lawruk.com /jlawruk/wwwroot/Rome/RomePhotos 17.jpg
2003.01.23 10:28 B C:\Inetpub\wwwroot\Rome\RomePhotos\18.jpg --> lawruk.com /jlawruk/wwwroot/Rome/RomePhotos 18.jpg
2003.01.23 10:28 B C:\Inetpub\wwwroot\Rome\RomePhotos\21.jpg --> lawruk.com /jlawruk/wwwroot/Rome/RomePhotos 21.jpg
2003.01.23 10:28 B C:\Inetpub\wwwroot\Rome\RomePhotos\22.jpg --> lawruk.com /jlawruk/wwwroot/Rome/RomePhotos 22.jpg
2003.01.23 10:28 B C:\Inetpub\wwwroot\Rome\RomePhotos\24.jpg --> lawruk.com /jlawruk/wwwroot/Rome/RomePhotos 24.jpg
2003.01.23 10:28 B C:\Inetpub\wwwroot\Rome\RomePhotos\28.jpg --> lawruk.com /jlawruk/wwwroot/Rome/RomePhotos 28.jpg
2003.01.23 10:28 B C:\Inetpub\wwwroot\Rome\RomePhotos\31.jpg --> lawruk.com /jlawruk/wwwroot/Rome/RomePhotos 31.jpg
2003.01.23 10:28 B C:\Inetpub\wwwroot\Rome\RomePhotos\32.jpg --> lawruk.com /jlawruk/wwwroot/Rome/RomePhotos 32.jpg
2003.01.23 10:28 B C:\Inetpub\wwwroot\Rome\RomePhotos\35.jpg --> lawruk.com /jlawruk/wwwroot/Rome/RomePhotos 35.jpg
2003.01.23 10:28 B C:\Inetpub\wwwroot\Rome\RomePhotos\37.jpg --> lawruk.com /jlawruk/wwwroot/Rome/RomePhotos 37.jpg
2003.01.23 10:28 B C:\Inetpub\wwwroot\Rome\RomePhotos\38.jpg --> lawruk.com /jlawruk/wwwroot/Rome/RomePhotos 38.jpg
2003.01.23 10:28 B C:\Inetpub\wwwroot\Rome\RomePhotos\40.jpg --> lawruk.com /jlawruk/wwwroot/Rome/RomePhotos 40.jpg
2003.01.23 10:28 B C:\Inetpub\wwwroot\Rome\RomePhotos\43.jpg --> lawruk.com /jlawruk/wwwroot/Rome/RomePhotos 43.jpg
2003.01.23 10:28 B C:\Inetpub\wwwroot\Rome\RomePhotos\47.jpg --> lawruk.com /jlawruk/wwwroot/Rome/RomePhotos 47.jpg
2003.01.23 10:28 B C:\Inetpub\wwwroot\Rome\RomePhotos\48.jpg --> lawruk.com /jlawruk/wwwroot/Rome/RomePhotos 48.jpg
2003.01.23 10:28 B C:\Inetpub\wwwroot\Rome\RomePhotos\52.jpg --> lawruk.com /jlawruk/wwwroot/Rome/RomePhotos 52.jpg
2003.01.23 10:28 B C:\Inetpub\wwwroot\Rome\RomePhotos\55.jpg --> lawruk.com /jlawruk/wwwroot/Rome/RomePhotos 55.jpg
2003.01.23 10:28 B C:\Inetpub\wwwroot\Rome\RomePhotos\57.jpg --> lawruk.com /jlawruk/wwwroot/Rome/RomePhotos 57.jpg
2003.01.23 10:28 B C:\Inetpub\wwwroot\Rome\RomePhotos\58.jpg --> lawruk.com /jlawruk/wwwroot/Rome/RomePhotos 58.jpg
2003.01.23 10:28 B C:\Inetpub\wwwroot\Rome\RomePhotos\60b.jpg --> lawruk.com /jlawruk/wwwroot/Rome/RomePhotos 60b.jpg
2003.01.23 10:28 B C:\Inetpub\wwwroot\Rome\RomePhotos\61.jpg --> lawruk.com /jlawruk/wwwroot/Rome/RomePhotos 61.jpg
2003.01.23 10:28 B C:\Inetpub\wwwroot\Rome\RomePhotos\a1.jpg --> lawruk.com /jlawruk/wwwroot/Rome/RomePhotos a1.jpg
2003.01.23 10:28 B C:\Inetpub\wwwroot\Rome\RomePhotos\a2.jpg --> lawruk.com /jlawruk/wwwroot/Rome/RomePhotos a2.jpg
2003.01.23 10:28 B C:\Inetpub\wwwroot\Rome\RomePhotos\a3.jpg --> lawruk.com /jlawruk/wwwroot/Rome/RomePhotos a3.jpg
2003.01.23 10:28 B C:\Inetpub\wwwroot\Rome\RomePhotos\a4.jpg --> lawruk.com /jlawruk/wwwroot/Rome/RomePhotos a4.jpg
2003.01.23 10:28 B C:\Inetpub\wwwroot\Rome\RomePhotos\a5.jpg --> lawruk.com /jlawruk/wwwroot/Rome/RomePhotos a5.jpg
2003.01.23 10:28 B C:\Inetpub\wwwroot\Rome\RomePhotos\a6.jpg --> lawruk.com /jlawruk/wwwroot/Rome/RomePhotos a6.jpg
2003.01.23 10:28 B C:\Inetpub\wwwroot\Rome\RomePhotos\b14.jpg --> lawruk.com /jlawruk/wwwroot/Rome/RomePhotos b14.jpg
2003.01.23 10:28 B C:\Inetpub\wwwroot\Rome\RomePhotos\b15.jpg --> lawruk.com /jlawruk/wwwroot/Rome/RomePhotos b15.jpg
2003.01.23 10:28 B C:\Inetpub\wwwroot\Rome\RomePhotos\b16.jpg --> lawruk.com /jlawruk/wwwroot/Rome/RomePhotos b16.jpg
2003.01.23 10:28 B C:\Inetpub\wwwroot\Rome\RomePhotos\b17.jpg --> lawruk.com /jlawruk/wwwroot/Rome/RomePhotos b17.jpg
2003.01.23 10:28 B C:\Inetpub\wwwroot\Rome\RomePhotos\b30.jpg --> lawruk.com /jlawruk/wwwroot/Rome/RomePhotos b30.jpg
2003.01.23 10:28 B C:\Inetpub\wwwroot\Rome\RomePhotos\b32.jpg --> lawruk.com /jlawruk/wwwroot/Rome/RomePhotos b32.jpg
2003.01.23 10:28 B C:\Inetpub\wwwroot\Rome\RomePhotos\b40.jpg --> lawruk.com /jlawruk/wwwroot/Rome/RomePhotos b40.jpg
2003.01.23 10:28 B C:\Inetpub\wwwroot\Rome\RomePhotos\b52.jpg --> lawruk.com /jlawruk/wwwroot/Rome/RomePhotos b52.jpg
2003.01.23 10:28 B C:\Inetpub\wwwroot\Rome\RomePhotos\b60.jpg --> lawruk.com /jlawruk/wwwroot/Rome/RomePhotos b60.jpg
2003.01.23 10:28 B C:\Inetpub\wwwroot\Rome\RomePhotos\c1.jpg --> lawruk.com /jlawruk/wwwroot/Rome/RomePhotos c1.jpg
2003.01.23 10:28 B C:\Inetpub\wwwroot\Rome\RomePhotos\c3.jpg --> lawruk.com /jlawruk/wwwroot/Rome/RomePhotos c3.jpg
2003.01.23 10:28 B C:\Inetpub\wwwroot\Rome\RomePhotos\dd1.jpg --> lawruk.com /jlawruk/wwwroot/Rome/RomePhotos dd1.jpg
2003.01.23 10:28 B C:\Inetpub\wwwroot\Rome\RomePhotos\dd2.jpg --> lawruk.com /jlawruk/wwwroot/Rome/RomePhotos dd2.jpg
2003.01.23 10:29 B C:\Inetpub\wwwroot\Rome\RomePhotos\dd3.jpg --> lawruk.com /jlawruk/wwwroot/Rome/RomePhotos dd3.jpg
2003.01.23 10:29 B C:\Inetpub\wwwroot\Rome\RomePhotos\dd4.jpg --> lawruk.com /jlawruk/wwwroot/Rome/RomePhotos dd4.jpg
2003.01.23 10:29 B C:\Inetpub\wwwroot\Rome\RomePhotos\dd5.jpg --> lawruk.com /jlawruk/wwwroot/Rome/RomePhotos dd5.jpg
2003.01.23 10:29 B C:\Inetpub\wwwroot\Rome\RomePhotos\l1.jpg --> lawruk.com /jlawruk/wwwroot/Rome/RomePhotos l1.jpg
2003.01.23 10:29 B C:\Inetpub\wwwroot\Rome\RomePhotos\l2.jpg --> lawruk.com /jlawruk/wwwroot/Rome/RomePhotos l2.jpg
2003.01.23 10:29 B C:\Inetpub\wwwroot\Rome\RomePhotos\l3.jpg --> lawruk.com /jlawruk/wwwroot/Rome/RomePhotos l3.jpg
2003.01.23 10:29 B C:\Inetpub\wwwroot\Rome\RomePhotos\m10.jpg --> lawruk.com /jlawruk/wwwroot/Rome/RomePhotos m10.jpg
2003.01.23 10:29 B C:\Inetpub\wwwroot\Rome\RomePhotos\m11.jpg --> lawruk.com /jlawruk/wwwroot/Rome/RomePhotos m11.jpg
2003.01.23 10:29 B C:\Inetpub\wwwroot\Rome\RomePhotos\m12.jpg --> lawruk.com /jlawruk/wwwroot/Rome/RomePhotos m12.jpg
2003.01.23 10:29 B C:\Inetpub\wwwroot\Rome\RomePhotos\m13.jpg --> lawruk.com /jlawruk/wwwroot/Rome/RomePhotos m13.jpg
2003.01.23 10:29 B C:\Inetpub\wwwroot\Rome\RomePhotos\m2.jpg --> lawruk.com /jlawruk/wwwroot/Rome/RomePhotos m2.jpg
2003.01.23 10:29 B C:\Inetpub\wwwroot\Rome\RomePhotos\m3.jpg --> lawruk.com /jlawruk/wwwroot/Rome/RomePhotos m3.jpg
2003.01.23 10:29 B C:\Inetpub\wwwroot\Rome\RomePhotos\m4.jpg --> lawruk.com /jlawruk/wwwroot/Rome/RomePhotos m4.jpg
2003.01.23 10:29 B C:\Inetpub\wwwroot\Rome\RomePhotos\m7.jpg --> lawruk.com /jlawruk/wwwroot/Rome/RomePhotos m7.jpg
2003.01.23 10:29 B C:\Inetpub\wwwroot\Rome\RomePhotos\m8.jpg --> lawruk.com /jlawruk/wwwroot/Rome/RomePhotos m8.jpg
2003.01.23 10:29 B C:\Inetpub\wwwroot\Rome\RomePhotos\m9.jpg --> lawruk.com /jlawruk/wwwroot/Rome/RomePhotos m9.jpg
2003.01.23 10:29 B C:\Inetpub\wwwroot\Rome\RomePhotos\od4.jpg --> lawruk.com /jlawruk/wwwroot/Rome/RomePhotos od4.jpg
2003.01.23 10:29 B C:\Inetpub\wwwroot\Rome\RomePhotos\od5.jpg --> lawruk.com /jlawruk/wwwroot/Rome/RomePhotos od5.jpg
2003.01.23 10:29 B C:\Inetpub\wwwroot\Rome\RomePhotos\od6.jpg --> lawruk.com /jlawruk/wwwroot/Rome/RomePhotos od6.jpg
2003.01.23 10:29 B C:\Inetpub\wwwroot\Rome\RomePhotos\r10.jpg --> lawruk.com /jlawruk/wwwroot/Rome/RomePhotos r10.jpg
2003.01.23 10:29 B C:\Inetpub\wwwroot\Rome\RomePhotos\r11.jpg --> lawruk.com /jlawruk/wwwroot/Rome/RomePhotos r11.jpg
2003.01.23 10:29 B C:\Inetpub\wwwroot\Rome\RomePhotos\r11s.jpg --> lawruk.com /jlawruk/wwwroot/Rome/RomePhotos r11s.jpg
2003.01.23 10:29 B C:\Inetpub\wwwroot\Rome\RomePhotos\r13.jpg --> lawruk.com /jlawruk/wwwroot/Rome/RomePhotos r13.jpg
2003.01.23 10:29 B C:\Inetpub\wwwroot\Rome\RomePhotos\r19.jpg --> lawruk.com /jlawruk/wwwroot/Rome/RomePhotos r19.jpg
2003.01.23 10:29 B C:\Inetpub\wwwroot\Rome\RomePhotos\r20.jpg --> lawruk.com /jlawruk/wwwroot/Rome/RomePhotos r20.jpg
2003.01.23 10:29 B C:\Inetpub\wwwroot\Rome\RomePhotos\r21.jpg --> lawruk.com /jlawruk/wwwroot/Rome/RomePhotos r21.jpg
2003.01.23 10:29 B C:\Inetpub\wwwroot\Rome\RomePhotos\r23.jpg --> lawruk.com /jlawruk/wwwroot/Rome/RomePhotos r23.jpg
2003.01.23 10:29 B C:\Inetpub\wwwroot\Rome\RomePhotos\r25.jpg --> lawruk.com /jlawruk/wwwroot/Rome/RomePhotos r25.jpg
2003.01.23 10:29 B C:\Inetpub\wwwroot\Rome\RomePhotos\r26.jpg --> lawruk.com /jlawruk/wwwroot/Rome/RomePhotos r26.jpg
2003.01.23 10:29 B C:\Inetpub\wwwroot\Rome\RomePhotos\r27.jpg --> lawruk.com /jlawruk/wwwroot/Rome/RomePhotos r27.jpg
2003.01.23 10:29 B C:\Inetpub\wwwroot\Rome\RomePhotos\r28.jpg --> lawruk.com /jlawruk/wwwroot/Rome/RomePhotos r28.jpg
2003.01.23 10:29 B C:\Inetpub\wwwroot\Rome\RomePhotos\r29.jpg --> lawruk.com /jlawruk/wwwroot/Rome/RomePhotos r29.jpg
2003.01.23 10:29 B C:\Inetpub\wwwroot\Rome\RomePhotos\r3.jpg --> lawruk.com /jlawruk/wwwroot/Rome/RomePhotos r3.jpg
2003.01.23 10:29 B C:\Inetpub\wwwroot\Rome\RomePhotos\r30.jpg --> lawruk.com /jlawruk/wwwroot/Rome/RomePhotos r30.jpg
2003.01.23 10:29 B C:\Inetpub\wwwroot\Rome\RomePhotos\r32.jpg --> lawruk.com /jlawruk/wwwroot/Rome/RomePhotos r32.jpg
2003.01.23 10:29 B C:\Inetpub\wwwroot\Rome\RomePhotos\r33.jpg --> lawruk.com /jlawruk/wwwroot/Rome/RomePhotos r33.jpg
2003.01.23 10:29 B C:\Inetpub\wwwroot\Rome\RomePhotos\r34.jpg --> lawruk.com /jlawruk/wwwroot/Rome/RomePhotos r34.jpg
2003.01.23 10:29 B C:\Inetpub\wwwroot\Rome\RomePhotos\r35.jpg --> lawruk.com /jlawruk/wwwroot/Rome/RomePhotos r35.jpg
2003.01.23 10:29 B C:\Inetpub\wwwroot\Rome\RomePhotos\r36.jpg --> lawruk.com /jlawruk/wwwroot/Rome/RomePhotos r36.jpg
2003.01.23 10:29 B C:\Inetpub\wwwroot\Rome\RomePhotos\r37.jpg --> lawruk.com /jlawruk/wwwroot/Rome/RomePhotos r37.jpg
2003.01.23 10:29 B C:\Inetpub\wwwroot\Rome\RomePhotos\r4.jpg --> lawruk.com /jlawruk/wwwroot/Rome/RomePhotos r4.jpg
2003.01.23 10:29 B C:\Inetpub\wwwroot\Rome\RomePhotos\s15.jpg --> lawruk.com /jlawruk/wwwroot/Rome/RomePhotos s15.jpg
2003.01.23 10:29 B C:\Inetpub\wwwroot\Rome\RomePhotos\s17.jpg --> lawruk.com /jlawruk/wwwroot/Rome/RomePhotos s17.jpg
2003.01.23 10:29 B C:\Inetpub\wwwroot\Rome\RomePhotos\s18.jpg --> lawruk.com /jlawruk/wwwroot/Rome/RomePhotos s18.jpg
2003.01.23 10:29 B C:\Inetpub\wwwroot\Rome\RomePhotos\s32.jpg --> lawruk.com /jlawruk/wwwroot/Rome/RomePhotos s32.jpg
2003.01.23 10:29 B C:\Inetpub\wwwroot\Rome\RomePhotos\s38.jpg --> lawruk.com /jlawruk/wwwroot/Rome/RomePhotos s38.jpg
2003.01.23 10:29 B C:\Inetpub\wwwroot\Rome\RomePhotos\s43.jpg --> lawruk.com /jlawruk/wwwroot/Rome/RomePhotos s43.jpg
2003.01.23 10:29 B C:\Inetpub\wwwroot\Rome\RomePhotos\s47.jpg --> lawruk.com /jlawruk/wwwroot/Rome/RomePhotos s47.jpg
2003.01.23 10:29 B C:\Inetpub\wwwroot\Rome\RomePhotos\s52.jpg --> lawruk.com /jlawruk/wwwroot/Rome/RomePhotos s52.jpg
2003.01.23 10:29 B C:\Inetpub\wwwroot\Rome\RomePhotos\sm11.jpg --> lawruk.com /jlawruk/wwwroot/Rome/RomePhotos sm11.jpg
2003.01.23 10:29 B C:\Inetpub\wwwroot\Rome\RomePhotos\sr15.jpg --> lawruk.com /jlawruk/wwwroot/Rome/RomePhotos sr15.jpg
2003.01.23 10:29 B C:\Inetpub\wwwroot\Rome\RomePhotos\sr16.jpg --> lawruk.com /jlawruk/wwwroot/Rome/RomePhotos sr16.jpg
2003.01.23 10:29 B C:\Inetpub\wwwroot\Rome\RomePhotos\sr17.jpg --> lawruk.com /jlawruk/wwwroot/Rome/RomePhotos sr17.jpg
2003.01.23 10:29 B C:\Inetpub\wwwroot\Rome\RomePhotos\sr18.jpg --> lawruk.com /jlawruk/wwwroot/Rome/RomePhotos sr18.jpg
2003.01.23 10:29 B C:\Inetpub\wwwroot\Rome\RomePhotos\sr21.jpg --> lawruk.com /jlawruk/wwwroot/Rome/RomePhotos sr21.jpg
2003.01.23 10:29 B C:\Inetpub\wwwroot\Rome\RomePhotos\sr27.jpg --> lawruk.com /jlawruk/wwwroot/Rome/RomePhotos sr27.jpg
2003.01.23 10:29 B C:\Inetpub\wwwroot\Rome\RomePhotos\sr28.jpg --> lawruk.com /jlawruk/wwwroot/Rome/RomePhotos sr28.jpg
2003.01.23 10:29 B C:\Inetpub\wwwroot\Rome\RomePhotos\v1.jpg --> lawruk.com /jlawruk/wwwroot/Rome/RomePhotos v1.jpg
2003.01.23 10:29 B C:\Inetpub\wwwroot\Rome\RomePhotos\v2.jpg --> lawruk.com /jlawruk/wwwroot/Rome/RomePhotos v2.jpg
2003.01.23 10:29 B C:\Inetpub\wwwroot\Rome\RomePhotos\v3.jpg --> lawruk.com /jlawruk/wwwroot/Rome/RomePhotos v3.jpg
2003.01.23 10:30 B C:\Inetpub\wwwroot\Rome\RomePhotos\v4.jpg --> lawruk.com /jlawruk/wwwroot/Rome/RomePhotos v4.jpg
2003.01.23 10:30 B C:\Inetpub\wwwroot\Rome\RomePhotos\v5.jpg --> lawruk.com /jlawruk/wwwroot/Rome/RomePhotos v5.jpg
2003.01.23 11:07 B C:\Inetpub\wwwroot\lawruk\Rome\RomePhotos\WS_FTP.LOG <-- lawruk.com /jlawruk/wwwroot/Rome/RomePhotos WS_FTP.LOG
